Archive member included to satisfy reference by file (symbol)

bazel-out/k8-fastbuild-ST-32b82a8f3fd7/bin/sw/device/lib/testing/libpinmux_testutils.a(pinmux_testutils.o)
                              bazel-out/k8-fastbuild-ST-32b82a8f3fd7/bin/sw/device/silicon_creator/manuf/base/_objs/ft_personalize_sival_silicon_creator/ft_personalize.o (pinmux_testutils_init)
bazel-out/k8-fastbuild-ST-32b82a8f3fd7/bin/sw/device/lib/testing/librstmgr_testutils.a(rstmgr_testutils.o)
                              bazel-out/k8-fastbuild-ST-32b82a8f3fd7/bin/sw/device/silicon_creator/manuf/base/_objs/ft_personalize_sival_silicon_creator/ft_personalize.o (rstmgr_testutils_reason_clear)
bazel-out/k8-fastbuild-ST-32b82a8f3fd7/bin/sw/device/lib/testing/test_framework/libottf_main.lo(ottf_main.o)
                              (--whole-archive)
bazel-out/k8-fastbuild-ST-32b82a8f3fd7/bin/sw/device/lib/testing/test_framework/libcoverage_none.a(coverage_none.o)
                              bazel-out/k8-fastbuild-ST-32b82a8f3fd7/bin/sw/device/lib/testing/test_framework/libottf_main.lo(ottf_main.o) (coverage_send_buffer)
bazel-out/k8-fastbuild-ST-32b82a8f3fd7/bin/sw/device/lib/testing/test_framework/libfreertos_port.lo(freertos_hooks.o)
                              (--whole-archive)
bazel-out/k8-fastbuild-ST-32b82a8f3fd7/bin/sw/device/lib/testing/test_framework/libfreertos_port.lo(freertos_port.o)
                              (--whole-archive)
bazel-out/k8-fastbuild-ST-32b82a8f3fd7/bin/sw/device/lib/testing/test_framework/libfreertos_port.lo(freertos_port.o)
                              (--whole-archive)
bazel-out/k8-fastbuild-ST-32b82a8f3fd7/bin/sw/device/lib/testing/test_framework/libottf_start.a(ottf_start.o)
                              (_ottf_start)
bazel-out/k8-fastbuild-ST-32b82a8f3fd7/bin/sw/device/silicon_creator/lib/libmanifest_def_on_device_do_not_use_directly.lo(manifest_def.o)
                              (--whole-archive)
bazel-out/k8-fastbuild-ST-32b82a8f3fd7/bin/sw/device/lib/crt/libcrt.a(crt.o)
                              bazel-out/k8-fastbuild-ST-32b82a8f3fd7/bin/sw/device/lib/testing/test_framework/libottf_start.a(ottf_start.o) (crt_section_clear)
bazel-out/k8-fastbuild-ST-32b82a8f3fd7/bin/sw/device/lib/dif/librstmgr.a(dif_rstmgr_autogen.o)
                              bazel-out/k8-fastbuild-ST-32b82a8f3fd7/bin/sw/device/silicon_creator/manuf/base/_objs/ft_personalize_sival_silicon_creator/ft_personalize.o (dif_rstmgr_init)
bazel-out/k8-fastbuild-ST-32b82a8f3fd7/bin/sw/device/lib/dif/librstmgr.a(dif_rstmgr.o)
                              bazel-out/k8-fastbuild-ST-32b82a8f3fd7/bin/sw/device/lib/testing/test_framework/libottf_main.lo(ottf_main.o) (dif_rstmgr_reset_info_clear)
bazel-out/k8-fastbuild-ST-32b82a8f3fd7/bin/sw/device/silicon_creator/lib/base/libstatic_critical_boot_measurements.lo(static_critical_boot_measurements.o)
                              (--whole-archive)
bazel-out/k8-fastbuild-ST-32b82a8f3fd7/bin/sw/device/silicon_creator/lib/base/libstatic_critical_epmp_state.lo(static_critical_epmp_state.o)
                              (--whole-archive)
bazel-out/k8-fastbuild-ST-32b82a8f3fd7/bin/sw/device/silicon_creator/lib/base/libstatic_critical_sec_mmio.lo(static_critical_sec_mmio.o)
                              (--whole-archive)
bazel-out/k8-fastbuild-ST-32b82a8f3fd7/bin/sw/device/silicon_creator/lib/base/libstatic_critical_version.lo(static_critical_version.o)
                              (--whole-archive)
bazel-out/k8-fastbuild-ST-32b82a8f3fd7/bin/sw/device/lib/testing/librand_testutils.a(rand_testutils.o)
                              bazel-out/k8-fastbuild-ST-32b82a8f3fd7/bin/sw/device/lib/testing/test_framework/libottf_main.lo(ottf_main.o) (rand_testutils_init)
bazel-out/k8-fastbuild-ST-32b82a8f3fd7/bin/sw/device/lib/testing/librv_core_ibex_testutils.a(rv_core_ibex_testutils.o)
                              bazel-out/k8-fastbuild-ST-32b82a8f3fd7/bin/sw/device/lib/testing/librand_testutils.a(rand_testutils.o) (rv_core_ibex_testutils_get_rnd_data)
bazel-out/k8-fastbuild-ST-32b82a8f3fd7/bin/sw/device/lib/dif/librv_core_ibex.a(dif_rv_core_ibex_autogen.o)
                              bazel-out/k8-fastbuild-ST-32b82a8f3fd7/bin/sw/device/lib/testing/test_framework/libottf_main.lo(ottf_main.o) (dif_rv_core_ibex_init)
bazel-out/k8-fastbuild-ST-32b82a8f3fd7/bin/sw/device/lib/dif/librv_core_ibex.a(dif_rv_core_ibex.o)
                              bazel-out/k8-fastbuild-ST-32b82a8f3fd7/bin/sw/device/lib/testing/librv_core_ibex_testutils.a(rv_core_ibex_testutils.o) (dif_rv_core_ibex_get_rnd_status)
bazel-out/k8-fastbuild-ST-32b82a8f3fd7/bin/third_party/freertos/libfreertos.a(tasks.o)
                              bazel-out/k8-fastbuild-ST-32b82a8f3fd7/bin/sw/device/lib/testing/test_framework/libottf_main.lo(ottf_main.o) (xTaskCreate)
bazel-out/k8-fastbuild-ST-32b82a8f3fd7/bin/third_party/freertos/libfreertos.a(list.o)
[...]
Memory Configuration

Name             Origin             Length             Attributes
ram_ret_aon      0x0000000040600000 0x0000000000001000 xrw
eflash           0x0000000020000000 0x0000000000100000 xr
ram_main         0x0000000010000000 0x0000000000020000 xrw
rom              0x0000000000008000 0x0000000000008000 xr
rom_ext_virtual  0x0000000090000000 0x0000000000080000 xr
owner_virtual    0x00000000a0000000 0x0000000000080000 xr
*default*        0x0000000000000000 0xffffffffffffffff

Linker script and memory map

LOAD bazel-out/k8-fastbuild-ST-32b82a8f3fd7/bin/sw/device/silicon_creator/manuf/base/_objs/ft_personalize_sival_silicon_creator/ft_personalize.o
LOAD bazel-out/k8-fastbuild-ST-32b82a8f3fd7/bin/sw/device/lib/testing/libpinmux_testutils.a
LOAD bazel-out/k8-fastbuild-ST-32b82a8f3fd7/bin/sw/device/lib/testing/librstmgr_testutils.a
LOAD bazel-out/k8-fastbuild-ST-32b82a8f3fd7/bin/sw/device/silicon_creator/lib/drivers/libretention_sram.a
LOAD bazel-out/k8-fastbuild-ST-32b82a8f3fd7/bin/sw/device/lib/testing/test_framework/libottf_main.lo
LOAD bazel-out/k8-fastbuild-ST-32b82a8f3fd7/bin/sw/device/lib/testing/test_framework/libcoverage_none.a
LOAD bazel-out/k8-fastbuild-ST-32b82a8f3fd7/bin/sw/device/lib/testing/test_framework/libfreertos_port.lo
LOAD bazel-out/k8-fastbuild-ST-32b82a8f3fd7/bin/sw/device/lib/dif/librv_timer.a
LOAD bazel-out/k8-fastbuild-ST-32b82a8f3fd7/bin/sw/device/lib/testing/test_framework/libottf_start.a
LOAD bazel-out/k8-fastbuild-ST-32b82a8f3fd7/bin/sw/device/silicon_creator/lib/libmanifest_def_on_device_do_not_use_directly.lo
LOAD bazel-out/k8-fastbuild-ST-32b82a8f3fd7/bin/sw/device/lib/crt/libcrt.a
LOAD bazel-out/k8-fastbuild-ST-32b82a8f3fd7/bin/sw/device/lib/dif/librstmgr.a
LOAD bazel-out/k8-fastbuild-ST-32b82a8f3fd7/bin/sw/device/silicon_creator/lib/base/libstatic_critical_boot_measurements.lo
LOAD bazel-out/k8-fastbuild-ST-32b82a8f3fd7/bin/sw/device/silicon_creator/lib/base/libstatic_critical_epmp_state.lo
LOAD bazel-out/k8-fastbuild-ST-32b82a8f3fd7/bin/sw/device/silicon_creator/lib/base/libstatic_critical_sec_mmio.lo
LOAD bazel-out/k8-fastbuild-ST-32b82a8f3fd7/bin/sw/device/silicon_creator/lib/base/libstatic_critical_version.lo
LOAD bazel-out/k8-fastbuild-ST-32b82a8f3fd7/bin/sw/device/lib/testing/librand_testutils.a
LOAD bazel-out/k8-fastbuild-ST-32b82a8f3fd7/bin/sw/device/lib/testing/librv_core_ibex_testutils.a
LOAD bazel-out/k8-fastbuild-ST-32b82a8f3fd7/bin/sw/device/lib/dif/librv_core_ibex.a
LOAD bazel-out/k8-fastbuild-ST-32b82a8f3fd7/bin/third_party/freertos/libfreertos.a
LOAD bazel-out/k8-fastbuild-ST-32b82a8f3fd7/bin/external/manufacturer_test_hooks/libtest_hooks.a
LOAD bazel-out/k8-fastbuild-ST-32b82a8f3fd7/bin/sw/device/silicon_creator/lib/cert/libdice_chain.a
LOAD bazel-out/k8-fastbuild-ST-32b82a8f3fd7/bin/sw/device/silicon_creator/lib/base/libboot_measurements.a
LOAD bazel-out/k8-fastbuild-ST-32b82a8f3fd7/bin/sw/device/silicon_creator/lib/base/libstatic_dice_cdi_0.lo
LOAD bazel-out/k8-fastbuild-ST-32b82a8f3fd7/bin/sw/device/silicon_creator/lib/drivers/librstmgr_on_device_do_not_use_directly.a
LOAD bazel-out/k8-fastbuild-ST-32b82a8f3fd7/bin/sw/device/silicon_creator/lib/drivers/libwatchdog.a
LOAD bazel-out/k8-fastbuild-ST-32b82a8f3fd7/bin/sw/device/silicon_creator/lib/drivers/libpwrmgr.a
LOAD bazel-out/k8-fastbuild-ST-32b82a8f3fd7/bin/sw/device/silicon_creator/manuf/lib/libindividualize_sw_cfg.a
LOAD bazel-out/k8-fastbuild-ST-32b82a8f3fd7/bin/hw/ip/otp_ctrl/data/earlgrey_skus/sival/libotp_consts.a
LOAD bazel-out/k8-fastbuild-ST-32b82a8f3fd7/bin/sw/device/silicon_creator/manuf/lib/libpersonalize.a
LOAD bazel-out/k8-fastbuild-ST-32b82a8f3fd7/bin/sw/device/silicon_creator/manuf/lib/libotp_fields.a
LOAD bazel-out/k8-fastbuild-ST-32b82a8f3fd7/bin/sw/device/silicon_creator/manuf/lib/libutil.a
LOAD bazel-out/k8-fastbuild-ST-32b82a8f3fd7/bin/sw/device/lib/crypto/impl/libaes.a
LOAD bazel-out/k8-fastbuild-ST-32b82a8f3fd7/bin/sw/device/lib/crypto/drivers/libaes.a
LOAD bazel-out/k8-fastbuild-ST-32b82a8f3fd7/bin/sw/device/lib/crypto/impl/libhash.a
LOAD bazel-out/k8-fastbuild-ST-32b82a8f3fd7/bin/sw/device/lib/crypto/drivers/libhmac.a
LOAD bazel-out/k8-fastbuild-ST-32b82a8f3fd7/bin/sw/device/lib/crypto/drivers/libkmac.a
LOAD bazel-out/k8-fastbuild-ST-32b82a8f3fd7/bin/sw/device/lib/crypto/impl/libkeyblob.a
LOAD bazel-out/k8-fastbuild-ST-32b82a8f3fd7/bin/sw/device/lib/crypto/impl/libintegrity.a
LOAD bazel-out/k8-fastbuild-ST-32b82a8f3fd7/bin/sw/device/lib/crypto/drivers/libkeymgr.a
LOAD bazel-out/k8-fastbuild-ST-32b82a8f3fd7/bin/sw/device/lib/crypto/drivers/libentropy.a
LOAD bazel-out/k8-fastbuild-ST-32b82a8f3fd7/bin/sw/device/lib/testing/liblc_ctrl_testutils.a
LOAD bazel-out/k8-fastbuild-ST-32b82a8f3fd7/bin/sw/device/lib/dif/liblc_ctrl.a
LOAD bazel-out/k8-fastbuild-ST-32b82a8f3fd7/bin/sw/device/lib/testing/libotp_ctrl_testutils.a
LOAD bazel-out/k8-fastbuild-ST-32b82a8f3fd7/bin/sw/device/lib/dif/libotp_ctrl.a
LOAD bazel-out/k8-fastbuild-ST-32b82a8f3fd7/bin/sw/device/silicon_creator/lib/cert/libdice.a
LOAD bazel-out/k8-fastbuild-ST-32b82a8f3fd7/bin/sw/device/silicon_creator/lib/cert/libcdi_0_template_library.a
LOAD bazel-out/k8-fastbuild-ST-32b82a8f3fd7/bin/sw/device/silicon_creator/lib/cert/libcdi_1_template_library.a
LOAD bazel-out/k8-fastbuild-ST-32b82a8f3fd7/bin/sw/device/silicon_creator/lib/cert/libdice_keys.a
LOAD bazel-out/k8-fastbuild-ST-32b82a8f3fd7/bin/sw/device/silicon_creator/lib/cert/libuds_template_library.a
LOAD bazel-out/k8-fastbuild-ST-32b82a8f3fd7/bin/sw/device/silicon_creator/lib/cert/libasn1.a
LOAD bazel-out/k8-fastbuild-ST-32b82a8f3fd7/bin/sw/device/silicon_creator/lib/cert/libtemplate.a
LOAD bazel-out/k8-fastbuild-ST-32b82a8f3fd7/bin/sw/device/silicon_creator/manuf/base/libperso_tlv_data.a
LOAD bazel-out/k8-fastbuild-ST-32b82a8f3fd7/bin/external/provisioning_exts/libdefault_perso_fw_ext.a
LOAD bazel-out/k8-fastbuild-ST-32b82a8f3fd7/bin/sw/device/lib/testing/test_framework/libujson_ottf.a
LOAD bazel-out/k8-fastbuild-ST-32b82a8f3fd7/bin/sw/device/lib/testing/test_framework/libottf_console_on_device_do_not_use_directly.a
LOAD bazel-out/k8-fastbuild-ST-32b82a8f3fd7/bin/sw/device/lib/testing/test_framework/libottf_isrs.a
LOAD bazel-out/k8-fastbuild-ST-32b82a8f3fd7/bin/sw/device/lib/dif/librv_plic.a
LOAD bazel-out/k8-fastbuild-ST-32b82a8f3fd7/bin/sw/device/lib/runtime/libirq.a
LOAD bazel-out/k8-fastbuild-ST-32b82a8f3fd7/bin/sw/device/lib/testing/libspi_device_testutils.a
LOAD bazel-out/k8-fastbuild-ST-32b82a8f3fd7/bin/sw/device/lib/dif/libpinmux.a
LOAD bazel-out/k8-fastbuild-ST-32b82a8f3fd7/bin/sw/device/lib/testing/json/libspi_passthru.a
LOAD bazel-out/k8-fastbuild-ST-32b82a8f3fd7/bin/sw/device/lib/testing/json/libottf.a
LOAD bazel-out/k8-fastbuild-ST-32b82a8f3fd7/bin/sw/device/lib/testing/json/libprovisioning_data.a
LOAD bazel-out/k8-fastbuild-ST-32b82a8f3fd7/bin/sw/device/lib/ujson/libujson.a
LOAD bazel-out/k8-fastbuild-ST-32b82a8f3fd7/bin/sw/device/lib/ujson/libprivate_status.a
LOAD bazel-out/k8-fastbuild-ST-32b82a8f3fd7/bin/sw/device/silicon_creator/lib/cert/libcert.a
LOAD bazel-out/k8-fastbuild-ST-32b82a8f3fd7/bin/sw/device/silicon_creator/manuf/lib/libflash_info_fields.a
LOAD bazel-out/k8-fastbuild-ST-32b82a8f3fd7/bin/sw/device/lib/testing/libflash_ctrl_testutils.a
LOAD bazel-out/k8-fastbuild-ST-32b82a8f3fd7/bin/sw/device/lib/dif/libflash_ctrl.a
LOAD bazel-out/k8-fastbuild-ST-32b82a8f3fd7/bin/sw/device/lib/testing/test_framework/libstatus.a
LOAD bazel-out/k8-fastbuild-ST-32b82a8f3fd7/bin/sw/device/lib/runtime/liblog.a
LOAD bazel-out/k8-fastbuild-ST-32b82a8f3fd7/bin/sw/device/lib/runtime/libprint.a
LOAD bazel-out/k8-fastbuild-ST-32b82a8f3fd7/bin/sw/device/lib/base/libstatus.a
LOAD bazel-out/k8-fastbuild-ST-32b82a8f3fd7/bin/sw/device/lib/dif/libgpio.a
LOAD bazel-out/k8-fastbuild-ST-32b82a8f3fd7/bin/sw/device/lib/dif/libspi_device.a
LOAD bazel-out/k8-fastbuild-ST-32b82a8f3fd7/bin/sw/device/lib/dif/libuart.a
LOAD bazel-out/k8-fastbuild-ST-32b82a8f3fd7/bin/sw/device/lib/dif/libbase.a
LOAD bazel-out/k8-fastbuild-ST-32b82a8f3fd7/bin/sw/device/silicon_creator/rom_ext/sival/libsival_owner.lo
LOAD bazel-out/k8-fastbuild-ST-32b82a8f3fd7/bin/sw/device/silicon_creator/lib/ownership/libownership.a
LOAD bazel-out/k8-fastbuild-ST-32b82a8f3fd7/bin/sw/device/silicon_creator/lib/ownership/libownership_activate.a
LOAD bazel-out/k8-fastbuild-ST-32b82a8f3fd7/bin/sw/device/silicon_creator/lib/boot_svc/libboot_svc_empty.a
LOAD bazel-out/k8-fastbuild-ST-32b82a8f3fd7/bin/sw/device/silicon_creator/lib/boot_svc/libboot_svc_enter_rescue.a
LOAD bazel-out/k8-fastbuild-ST-32b82a8f3fd7/bin/sw/device/silicon_creator/lib/boot_svc/libboot_svc_min_bl0_sec_ver.a
LOAD bazel-out/k8-fastbuild-ST-32b82a8f3fd7/bin/sw/device/silicon_creator/lib/boot_svc/libboot_svc_next_boot_bl0_slot.a
LOAD bazel-out/k8-fastbuild-ST-32b82a8f3fd7/bin/sw/device/silicon_creator/lib/boot_svc/libboot_svc_ownership_activate.a
LOAD bazel-out/k8-fastbuild-ST-32b82a8f3fd7/bin/sw/device/silicon_creator/lib/boot_svc/libboot_svc_ownership_history.a
LOAD bazel-out/k8-fastbuild-ST-32b82a8f3fd7/bin/sw/device/silicon_creator/lib/boot_svc/libboot_svc_ownership_unlock.a
LOAD bazel-out/k8-fastbuild-ST-32b82a8f3fd7/bin/sw/device/silicon_creator/lib/boot_svc/libboot_svc_header_on_device_do_not_use_directly.a
LOAD bazel-out/k8-fastbuild-ST-32b82a8f3fd7/bin/sw/device/silicon_creator/lib/ownership/libownership_key_on_device_do_not_use_directly.a
LOAD bazel-out/k8-fastbuild-ST-32b82a8f3fd7/bin/sw/device/silicon_creator/lib/ownership/libowner_verify_on_device_do_not_use_directly.a
LOAD bazel-out/k8-fastbuild-ST-32b82a8f3fd7/bin/sw/device/silicon_creator/lib/sigverify/libecdsa_p256_verify.a
LOAD bazel-out/k8-fastbuild-ST-32b82a8f3fd7/bin/sw/device/silicon_creator/lib/libotbn_boot_services.a
LOAD bazel-out/k8-fastbuild-ST-32b82a8f3fd7/bin/sw/device/silicon_creator/lib/base/libutil.a
LOAD bazel-out/k8-fastbuild-ST-32b82a8f3fd7/bin/sw/device/silicon_creator/lib/drivers/libotbn.a
LOAD bazel-out/k8-fastbuild-ST-32b82a8f3fd7/bin/sw/otbn/crypto/boot.rv32embed.a
LOAD bazel-out/k8-fastbuild-ST-32b82a8f3fd7/bin/sw/device/silicon_creator/lib/sigverify/librsa_verify.a
LOAD bazel-out/k8-fastbuild-ST-32b82a8f3fd7/bin/sw/device/silicon_creator/lib/sigverify/libmod_exp_ibex_on_device_do_not_use_directly.a
LOAD bazel-out/k8-fastbuild-ST-32b82a8f3fd7/bin/sw/device/silicon_creator/lib/sigverify/libspx_verify.a
LOAD bazel-out/k8-fastbuild-ST-32b82a8f3fd7/bin/sw/device/silicon_creator/lib/sigverify/sphincsplus/libverify.a
LOAD bazel-out/k8-fastbuild-ST-32b82a8f3fd7/bin/sw/device/silicon_creator/lib/sigverify/sphincsplus/libfors.a
LOAD bazel-out/k8-fastbuild-ST-32b82a8f3fd7/bin/sw/device/silicon_creator/lib/sigverify/sphincsplus/libwots.a
LOAD bazel-out/k8-fastbuild-ST-32b82a8f3fd7/bin/sw/device/silicon_creator/lib/sigverify/sphincsplus/libhash.a
LOAD bazel-out/k8-fastbuild-ST-32b82a8f3fd7/bin/sw/device/silicon_creator/lib/sigverify/sphincsplus/libutils.a
LOAD bazel-out/k8-fastbuild-ST-32b82a8f3fd7/bin/sw/device/silicon_creator/lib/sigverify/sphincsplus/libthash.a
LOAD bazel-out/k8-fastbuild-ST-32b82a8f3fd7/bin/sw/device/silicon_creator/lib/sigverify/sphincsplus/libaddress.a
LOAD bazel-out/k8-fastbuild-ST-32b82a8f3fd7/bin/sw/device/silicon_creator/lib/sigverify/sphincsplus/libsha2.a
LOAD bazel-out/k8-fastbuild-ST-32b82a8f3fd7/bin/sw/device/silicon_creator/lib/sigverify/libusage_constraints.a
LOAD bazel-out/k8-fastbuild-ST-32b82a8f3fd7/bin/sw/device/silicon_creator/lib/libmanifest_on_device_do_not_use_directly.a
LOAD bazel-out/k8-fastbuild-ST-32b82a8f3fd7/bin/sw/device/silicon_creator/lib/libepmp_state.a
LOAD bazel-out/k8-fastbuild-ST-32b82a8f3fd7/bin/sw/device/silicon_creator/lib/sigverify/librsa_key.a
LOAD bazel-out/k8-fastbuild-ST-32b82a8f3fd7/bin/sw/device/silicon_creator/lib/drivers/libkeymgr.a
LOAD bazel-out/k8-fastbuild-ST-32b82a8f3fd7/bin/sw/device/silicon_creator/lib/drivers/libkmac.a
LOAD bazel-out/k8-fastbuild-ST-32b82a8f3fd7/bin/sw/device/silicon_creator/lib/libboot_log.a
LOAD bazel-out/k8-fastbuild-ST-32b82a8f3fd7/bin/sw/device/silicon_creator/lib/libchip_info.a
LOAD bazel-out/k8-fastbuild-ST-32b82a8f3fd7/bin/sw/device/silicon_creator/lib/libdbg_print.a
LOAD bazel-out/k8-fastbuild-ST-32b82a8f3fd7/bin/sw/device/silicon_creator/lib/drivers/libuart.a
LOAD bazel-out/k8-fastbuild-ST-32b82a8f3fd7/bin/sw/device/silicon_creator/lib/drivers/libibex_on_device_do_not_use_directly.a
LOAD bazel-out/k8-fastbuild-ST-32b82a8f3fd7/bin/sw/device/silicon_creator/lib/ownership/libowner_block.a
LOAD bazel-out/k8-fastbuild-ST-32b82a8f3fd7/bin/sw/device/silicon_creator/lib/sigverify/libecdsa_p256_key.a
LOAD bazel-out/k8-fastbuild-ST-32b82a8f3fd7/bin/sw/device/silicon_creator/lib/sigverify/libspx_key.a
LOAD bazel-out/k8-fastbuild-ST-32b82a8f3fd7/bin/sw/device/lib/base/libhardened_memory.a
LOAD bazel-out/k8-fastbuild-ST-32b82a8f3fd7/bin/sw/device/lib/base/librandom_order.a
LOAD bazel-out/k8-fastbuild-ST-32b82a8f3fd7/bin/sw/device/silicon_creator/lib/libboot_data_on_device_do_not_use_directly.a
LOAD bazel-out/k8-fastbuild-ST-32b82a8f3fd7/bin/sw/device/silicon_creator/lib/libnonce.a
LOAD bazel-out/k8-fastbuild-ST-32b82a8f3fd7/bin/sw/device/silicon_creator/lib/drivers/librnd_on_device_do_not_use_directly.a
LOAD bazel-out/k8-fastbuild-ST-32b82a8f3fd7/bin/sw/device/lib/base/libcrc32_on_device_do_not_use_directly.a
LOAD bazel-out/k8-fastbuild-ST-32b82a8f3fd7/bin/sw/device/silicon_creator/lib/drivers/liblifecycle_on_device_do_not_use_directly.a
LOAD bazel-out/k8-fastbuild-ST-32b82a8f3fd7/bin/sw/device/silicon_creator/lib/drivers/libflash_ctrl_on_device_do_not_use_directly.a
LOAD bazel-out/k8-fastbuild-ST-32b82a8f3fd7/bin/sw/device/silicon_creator/lib/drivers/libhmac_on_device_do_not_use_directly.a
LOAD bazel-out/k8-fastbuild-ST-32b82a8f3fd7/bin/sw/device/silicon_creator/lib/drivers/libpinmux.a
LOAD bazel-out/k8-fastbuild-ST-32b82a8f3fd7/bin/sw/device/lib/runtime/libhart_on_device_do_not_use_directly.a
LOAD bazel-out/k8-fastbuild-ST-32b82a8f3fd7/bin/sw/device/lib/runtime/libibex.a
LOAD bazel-out/k8-fastbuild-ST-32b82a8f3fd7/bin/sw/device/silicon_creator/lib/drivers/libotp_on_device_do_not_use_directly.a
LOAD bazel-out/k8-fastbuild-ST-32b82a8f3fd7/bin/sw/device/silicon_creator/lib/base/libsec_mmio_on_device_do_not_use_directly.a
LOAD bazel-out/k8-fastbuild-ST-32b82a8f3fd7/bin/sw/device/lib/base/libhardened.a
LOAD bazel-out/k8-fastbuild-ST-32b82a8f3fd7/bin/sw/device/lib/base/libabs_mmio_on_device_do_not_use_directly.a
LOAD bazel-out/k8-fastbuild-ST-32b82a8f3fd7/bin/sw/device/lib/base/libmmio_on_device_do_not_use_directly.a
LOAD bazel-out/k8-fastbuild-ST-32b82a8f3fd7/bin/sw/device/lib/base/libbitfield.a
LOAD bazel-out/k8-fastbuild-ST-32b82a8f3fd7/bin/sw/device/lib/base/libmath.a
LOAD bazel-out/k8-fastbuild-ST-32b82a8f3fd7/bin/sw/device/lib/base/libmath_polyfills.a
LOAD bazel-out/k8-fastbuild-ST-32b82a8f3fd7/bin/sw/device/lib/base/libmemory.a
LOAD bazel-out/k8-fastbuild-ST-32b82a8f3fd7/bin/sw/device/lib/arch/libboot_stage_rom_ext.a
LOAD bazel-out/k8-fastbuild-ST-32b82a8f3fd7/bin/sw/device/lib/arch/libsilicon.a
LOAD bazel-out/k8-fastbuild-ST-32b82a8f3fd7/bin/hw/top_earlgrey/sw/autogen/libtop_earlgrey.a
                0x0000000000000080                _exception_frame_size = 0x80
                0x0000000010020000                _exception_frame_end = (ORIGIN (ram_main) + LENGTH (ram_main))
                0x000000001001ff80                _exception_frame_start = (_exception_frame_end - _exception_frame_size)
                0x0000000000003f80                _stack_size = (0x4000 - _exception_frame_size)
                0x000000001001ff80                _stack_end = _exception_frame_start
                0x000000001001c000                _stack_start = (_stack_end - _stack_size)
                0x0000000000001fe8                _static_critical_size = 0x1fe8
                0x0000000000000080                _chip_info_size = 0x80
                0x0000000000010000                _chip_info_end = (ORIGIN (rom) + LENGTH (rom))
                0x000000000000ff80                _chip_info_start = (_chip_info_end - _chip_info_size)
                0x0000000000000800                _epmp_reset_rx_size = 0x800
                0x0000000000080000                _ottf_size = (LENGTH (eflash) / 0x2)
                0x0000000020000000                _ottf_start_address = ORIGIN (eflash)
                0x0000000000000000                __DYNAMIC = 0x0
                0x0000000000010000                _dv_log_offset = 0x10000
                0x0000000000000400                _manifest_code_start = (_text_start - _ottf_start_address)
                0x000000000001149c                _manifest_code_end = (_text_end - _ottf_start_address)
                0x0000000000000480                _manifest_entry_point = (_ottf_start - _ottf_start_address)
                0x00000000000001d4                _manifest_address_translation = ((_text_start >= ORIGIN (eflash)) && (_text_start < (ORIGIN (eflash) + LENGTH (eflash))))?0x1d4:0x739

.static_critical
                0x0000000010000000     0x1fe8
                0x0000000000000001                ASSERT ((. == ORIGIN (ram_main)), Error: .static_critical section not at the base address of main RAM.)
 *(.static_critical.version)
 .static_critical.version
                0x0000000010000000        0x4 bazel-out/k8-fastbuild-ST-32b82a8f3fd7/bin/sw/device/silicon_creator/lib/base/libstatic_critical_version.lo(static_critical_version.o)
                0x0000000010000000                static_critical_version
 *(.static_critical.boot_measurements)
 .static_critical.boot_measurements
                0x0000000010000004       0x40 bazel-out/k8-fastbuild-ST-32b82a8f3fd7/bin/sw/device/silicon_creator/lib/base/libstatic_critical_boot_measurements.lo(static_critical_boot_measurements.o)
                0x0000000010000004                boot_measurements
 *(.static_critical.epmp_state)
 .static_critical.epmp_state
                0x0000000010000044       0x54 bazel-out/k8-fastbuild-ST-32b82a8f3fd7/bin/sw/device/silicon_creator/lib/base/libstatic_critical_epmp_state.lo(static_critical_epmp_state.o)
                0x0000000010000044                epmp_state
 *(.static_critical.sec_mmio_ctx)
 .static_critical.sec_mmio_ctx
                0x0000000010000098     0x1f50 bazel-out/k8-fastbuild-ST-32b82a8f3fd7/bin/sw/device/silicon_creator/lib/base/libstatic_critical_sec_mmio.lo(static_critical_sec_mmio.o)
                0x0000000010000098                sec_mmio_ctx
                0x0000000000000001                ASSERT ((SIZEOF (.static_critical) == _static_critical_size), Error: .static_critical section size has changed)

.manifest       0x0000000020000000      0x400
 *(.manifest)
 .manifest      0x0000000020000000      0x400 bazel-out/k8-fastbuild-ST-32b82a8f3fd7/bin/sw/device/silicon_creator/lib/libmanifest_def_on_device_do_not_use_directly.lo(manifest_def.o)
                0x0000000020000400                . = ALIGN (0x4)

.rom_ext_immutable
                0x0000000020000400        0x0
                0x0000000020000400                _text_start = .
                0x0000000020000400                _rom_ext_immutable_start = .
 *(.rom_ext_immutable)
                0x0000000020000400                . = ALIGN (0x100)
                0x0000000020000400                _rom_ext_immutable_end = .

.vectors        0x0000000020000400       0x80
 *(.vectors)
 .vectors       0x0000000020000400       0x80 bazel-out/k8-fastbuild-ST-32b82a8f3fd7/bin/sw/device/lib/testing/test_framework/libottf_start.a(ottf_start.o)
                0x0000000020000400                _ottf_interrupt_vector

.crt            0x0000000020000480       0xc6
 *(.crt)
 .crt           0x0000000020000480       0x68 bazel-out/k8-fastbuild-ST-32b82a8f3fd7/bin/sw/device/lib/testing/test_framework/libottf_start.a(ottf_start.o)
                0x0000000020000480                _ottf_start
 *fill*         0x00000000200004e8        0x0 
 .crt           0x00000000200004e8       0x5e bazel-out/k8-fastbuild-ST-32b82a8f3fd7/bin/sw/device/lib/crt/libcrt.a(crt.o)
                0x00000000200004e8                crt_section_clear
                0x000000002000050c                crt_section_copy

.init_array     0x0000000020000548        0x0
                0x0000000020000548                _init_array_start = .
 *(.init_array)
 *(.init_array.*)
                0x0000000020000548                . = ALIGN (0x4)
                0x0000000020000548                _init_array_end = .

.text           0x0000000020000548    0x10f54
 *(.text)
 .text          0x0000000020000548       0x78 bazel-out/k8-fastbuild-ST-32b82a8f3fd7/bin/sw/device/lib/testing/test_framework/libfreertos_port.lo(freertos_port.o)
                0x0000000020000548                xPortStartFirstTask
                0x000000002000059c                pxPortInitialiseStack
 *fill*         0x00000000200005c0        0x0 
 .text          0x00000000200005c0      0x254 bazel-out/k8-fastbuild-ST-32b82a8f3fd7/bin/sw/device/lib/testing/test_framework/libottf_isrs.a(ottf_isrs.o)
                0x0000000020000608                handler_exception
                0x000000002000065c                handler_irq_software
                0x00000000200006b0                handler_irq_timer
                0x0000000020000704                handler_irq_external
                0x0000000020000758                handler_irq_internal
                0x00000000200007ac                ottf_isr_exit
 *(.text.*)
 .text.test_main
                0x0000000020000814      0x5a0 bazel-out/k8-fastbuild-ST-32b82a8f3fd7/bin/sw/device/silicon_creator/manuf/base/_objs/ft_personalize_sival_silicon_creator/ft_personalize.o
                0x0000000020000814                test_main
 .text.provision
                0x0000000020000db4     0x1f66 bazel-out/k8-fastbuild-ST-32b82a8f3fd7/bin/sw/device/silicon_creator/manuf/base/_objs/ft_personalize_sival_silicon_creator/ft_personalize.o
 .text.hash_all_certs
                0x0000000020002d1a      0x3a2 bazel-out/k8-fastbuild-ST-32b82a8f3fd7/bin/sw/device/silicon_creator/manuf/base/_objs/ft_personalize_sival_silicon_creator/ft_personalize.o
 .text.send_final_hash
                0x00000000200030bc      0x1b0 bazel-out/k8-fastbuild-ST-32b82a8f3fd7/bin/sw/device/silicon_creator/manuf/base/_objs/ft_personalize_sival_silicon_creator/ft_personalize.o
 .text.finalize_otp_partitions
                0x000000002000326c      0x268 bazel-out/k8-fastbuild-ST-32b82a8f3fd7/bin/sw/device/silicon_creator/manuf/base/_objs/ft_personalize_sival_silicon_creator/ft_personalize.o
 .text.sw_reset
                0x00000000200034d4       0x5a bazel-out/k8-fastbuild-ST-32b82a8f3fd7/bin/sw/device/silicon_creator/manuf/base/_objs/ft_personalize_sival_silicon_creator/ft_personalize.o
 .text.measure_otp_partition
                0x000000002000352e       0x96 bazel-out/k8-fastbuild-ST-32b82a8f3fd7/bin/sw/device/silicon_creator/manuf/base/_objs/ft_personalize_sival_silicon_creator/ft_personalize.o
 .text.compute_keymgr_owner_int_binding
                0x00000000200035c4       0x3e bazel-out/k8-fastbuild-ST-32b82a8f3fd7/bin/sw/device/silicon_creator/manuf/base/_objs/ft_personalize_sival_silicon_creator/ft_personalize.o
 .text.compute_keymgr_owner_binding
                0x0000000020003602       0x3e bazel-out/k8-fastbuild-ST-32b82a8f3fd7/bin/sw/device/silicon_creator/manuf/base/_objs/ft_personalize_sival_silicon_creator/ft_personalize.o
 .text.extract_next_cert
                0x0000000020003640      0x12a bazel-out/k8-fastbuild-ST-32b82a8f3fd7/bin/sw/device/silicon_creator/manuf/base/_objs/ft_personalize_sival_silicon_creator/ft_personalize.o
 .text.check_otp_measurement_pre_lock
                0x000000002000376a      0x166 bazel-out/k8-fastbuild-ST-32b82a8f3fd7/bin/sw/device/silicon_creator/manuf/base/_objs/ft_personalize_sival_silicon_creator/ft_personalize.o
 .text.check_otp_measurement_post_lock
                0x00000000200038d0      0x14e bazel-out/k8-fastbuild-ST-32b82a8f3fd7/bin/sw/device/silicon_creator/manuf/base/_objs/ft_personalize_sival_silicon_creator/ft_personalize.o
 .text.pinmux_testutils_init
                0x0000000020003a1e      0x39e bazel-out/k8-fastbuild-ST-32b82a8f3fd7/bin/sw/device/lib/testing/libpinmux_testutils.a(pinmux_testutils.o)
                0x0000000020003a1e                pinmux_testutils_init
 .text.rstmgr_testutils_reason_clear
                0x0000000020003dbc        0xa bazel-out/k8-fastbuild-ST-32b82a8f3fd7/bin/sw/device/lib/testing/librstmgr_testutils.a(rstmgr_testutils.o)
                0x0000000020003dbc                rstmgr_testutils_reason_clear
 .text.ottf_machine_ecall_handler
                0x0000000020003dc6       0x38 bazel-out/k8-fastbuild-ST-32b82a8f3fd7/bin/sw/device/lib/testing/test_framework/libottf_main.lo(ottf_main.o)
                0x0000000020003dc6                ottf_machine_ecall_handler
 .text.status_report
                0x0000000020003dfe       0x2a bazel-out/k8-fastbuild-ST-32b82a8f3fd7/bin/sw/device/lib/testing/test_framework/libottf_main.lo(ottf_main.o)
                0x0000000020003dfe                status_report
 .text._ottf_main
                0x0000000020003e28      0x1dc bazel-out/k8-fastbuild-ST-32b82a8f3fd7/bin/sw/device/lib/testing/test_framework/libottf_main.lo(ottf_main.o)
                0x0000000020003e28                _ottf_main
 .text.test_wrapper
                0x0000000020004004      0x18a bazel-out/k8-fastbuild-ST-32b82a8f3fd7/bin/sw/device/lib/testing/test_framework/libottf_main.lo(ottf_main.o)
 .text.coverage_send_buffer
                0x000000002000418e        0x2 bazel-out/k8-fastbuild-ST-32b82a8f3fd7/bin/sw/device/lib/testing/test_framework/libcoverage_none.a(coverage_none.o)
                0x000000002000418e                coverage_send_buffer
 .text.vApplicationMallocFailedHook
                0x0000000020004190       0x4a bazel-out/k8-fastbuild-ST-32b82a8f3fd7/bin/sw/device/lib/testing/test_framework/libfreertos_port.lo(freertos_hooks.o)
                0x0000000020004190                vApplicationMallocFailedHook
 .text.vApplicationStackOverflowHook
                0x00000000200041da       0x3e bazel-out/k8-fastbuild-ST-32b82a8f3fd7/bin/sw/device/lib/testing/test_framework/libfreertos_port.lo(freertos_hooks.o)
                0x00000000200041da                vApplicationStackOverflowHook
 .text.xPortStartScheduler
                0x0000000020004218       0x22 bazel-out/k8-fastbuild-ST-32b82a8f3fd7/bin/sw/device/lib/testing/test_framework/libfreertos_port.lo(freertos_port.o)
                0x0000000020004218                xPortStartScheduler
 .text.dif_rstmgr_init
                0x000000002000423a        0xe bazel-out/k8-fastbuild-ST-32b82a8f3fd7/bin/sw/device/lib/dif/librstmgr.a(dif_rstmgr_autogen.o)
                0x000000002000423a                dif_rstmgr_init
 .text.dif_rstmgr_reset_info_clear
                0x0000000020004248       0x10 bazel-out/k8-fastbuild-ST-32b82a8f3fd7/bin/sw/device/lib/dif/librstmgr.a(dif_rstmgr.o)
                0x0000000020004248                dif_rstmgr_reset_info_clear
 .text.dif_rstmgr_software_device_reset
                0x0000000020004258       0x10 bazel-out/k8-fastbuild-ST-32b82a8f3fd7/bin/sw/device/lib/dif/librstmgr.a(dif_rstmgr.o)
                0x0000000020004258                dif_rstmgr_software_device_reset
 .text.rand_testutils_init
                0x0000000020004268       0xd6 bazel-out/k8-fastbuild-ST-32b82a8f3fd7/bin/sw/device/lib/testing/librand_testutils.a(rand_testutils.o)
                0x0000000020004268                rand_testutils_init
 .text.dif_rv_core_ibex_init
                0x000000002000433e        0xe bazel-out/k8-fastbuild-ST-32b82a8f3fd7/bin/sw/device/lib/dif/librv_core_ibex.a(dif_rv_core_ibex_autogen.o)
                0x000000002000433e                dif_rv_core_ibex_init
 .text.xTaskCreate
                0x000000002000434c      0x1ec bazel-out/k8-fastbuild-ST-32b82a8f3fd7/bin/third_party/freertos/libfreertos.a(tasks.o)
                0x000000002000434c                xTaskCreate
 .text.vTaskExitCritical
                0x0000000020004538       0x30 bazel-out/k8-fastbuild-ST-32b82a8f3fd7/bin/third_party/freertos/libfreertos.a(tasks.o)
                0x0000000020004538                vTaskExitCritical
 .text.vTaskSwitchContext
                0x0000000020004568       0x8a bazel-out/k8-fastbuild-ST-32b82a8f3fd7/bin/third_party/freertos/libfreertos.a(tasks.o)
                0x0000000020004568                vTaskSwitchContext
 .text.vTaskStartScheduler
                0x00000000200045f2       0x5e bazel-out/k8-fastbuild-ST-32b82a8f3fd7/bin/third_party/freertos/libfreertos.a(tasks.o)
                0x00000000200045f2                vTaskStartScheduler
 .text.prvIdleTask
                0x0000000020004650       0x76 bazel-out/k8-fastbuild-ST-32b82a8f3fd7/bin/third_party/freertos/libfreertos.a(tasks.o)
 .text.vTaskSuspendAll
                0x00000000200046c6       0x10 bazel-out/k8-fastbuild-ST-32b82a8f3fd7/bin/third_party/freertos/libfreertos.a(tasks.o)
                0x00000000200046c6                vTaskSuspendAll
 .text.xTaskResumeAll
                0x00000000200046d6      0x13a bazel-out/k8-fastbuild-ST-32b82a8f3fd7/bin/third_party/freertos/libfreertos.a(tasks.o)
                0x00000000200046d6                xTaskResumeAll
 .text.xTaskIncrementTick
                0x0000000020004810      0x11e bazel-out/k8-fastbuild-ST-32b82a8f3fd7/bin/third_party/freertos/libfreertos.a(tasks.o)
                0x0000000020004810                xTaskIncrementTick
 .text.vListInitialise
                0x000000002000492e       0x14 bazel-out/k8-fastbuild-ST-32b82a8f3fd7/bin/third_party/freertos/libfreertos.a(list.o)
                0x000000002000492e                vListInitialise
 .text.vListInitialiseItem
                0x0000000020004942        0x6 bazel-out/k8-fastbuild-ST-32b82a8f3fd7/bin/third_party/freertos/libfreertos.a(list.o)
                0x0000000020004942                vListInitialiseItem
 .text.uxListRemove
                0x0000000020004948       0x22 bazel-out/k8-fastbuild-ST-32b82a8f3fd7/bin/third_party/freertos/libfreertos.a(list.o)
                0x0000000020004948                uxListRemove
 .text.pvPortMalloc
                0x000000002000496a       0x82 bazel-out/k8-fastbuild-ST-32b82a8f3fd7/bin/third_party/freertos/libfreertos.a(heap_1.o)
                0x000000002000496a                pvPortMalloc
 .text.vPortFree
                0x00000000200049ec        0x2 bazel-out/k8-fastbuild-ST-32b82a8f3fd7/bin/third_party/freertos/libfreertos.a(heap_1.o)
                0x00000000200049ec                vPortFree
 .text.manufacturer_pre_test_hook
                0x00000000200049ee        0x4 bazel-out/k8-fastbuild-ST-32b82a8f3fd7/bin/external/manufacturer_test_hooks/libtest_hooks.a(test_hooks_default.o)
                0x00000000200049ee                manufacturer_pre_test_hook
 .text.manufacturer_post_test_hook
                0x00000000200049f2        0x4 bazel-out/k8-fastbuild-ST-32b82a8f3fd7/bin/external/manufacturer_test_hooks/libtest_hooks.a(test_hooks_default.o)
                0x00000000200049f2                manufacturer_post_test_hook
 .text.rstmgr_reason_get
                0x00000000200049f6        0x8 bazel-out/k8-fastbuild-ST-32b82a8f3fd7/bin/sw/device/silicon_creator/lib/drivers/librstmgr_on_device_do_not_use_directly.a(rstmgr.o)
                0x00000000200049f6                rstmgr_reason_get
 .text.rstmgr_reason_clear
                0x00000000200049fe        0x8 bazel-out/k8-fastbuild-ST-32b82a8f3fd7/bin/sw/device/silicon_creator/lib/drivers/librstmgr_on_device_do_not_use_directly.a(rstmgr.o)
                0x00000000200049fe                rstmgr_reason_clear
 .text.watchdog_disable
                0x0000000020004a06        0xc bazel-out/k8-fastbuild-ST-32b82a8f3fd7/bin/sw/device/silicon_creator/lib/drivers/libwatchdog.a(watchdog.o)
                0x0000000020004a06                watchdog_disable
 .text.manuf_individualize_device_field_cfg
                0x0000000020004a12      0x13c bazel-out/k8-fastbuild-ST-32b82a8f3fd7/bin/sw/device/silicon_creator/manuf/lib/libindividualize_sw_cfg.a(individualize_sw_cfg.o)
                0x0000000020004a12                manuf_individualize_device_field_cfg
 .text.manuf_individualize_device_flash_data_default_cfg_check
                0x0000000020004b4e       0xcc bazel-out/k8-fastbuild-ST-32b82a8f3fd7/bin/sw/device/silicon_creator/manuf/lib/libindividualize_sw_cfg.a(individualize_sw_cfg.o)
                0x0000000020004b4e                manuf_individualize_device_flash_data_default_cfg_check
 .text.manuf_individualize_device_flash_info_boot_data_cfg_check
                0x0000000020004c1a       0xcc bazel-out/k8-fastbuild-ST-32b82a8f3fd7/bin/sw/device/silicon_creator/manuf/lib/libindividualize_sw_cfg.a(individualize_sw_cfg.o)
                0x0000000020004c1a                manuf_individualize_device_flash_info_boot_data_cfg_check
 .text.manuf_individualize_device_creator_sw_cfg_lock
                0x0000000020004ce6       0x58 bazel-out/k8-fastbuild-ST-32b82a8f3fd7/bin/sw/device/silicon_creator/manuf/lib/libindividualize_sw_cfg.a(individualize_sw_cfg.o)
                0x0000000020004ce6                manuf_individualize_device_creator_sw_cfg_lock
 .text.lock_otp_partition
                0x0000000020004d3e       0x9a bazel-out/k8-fastbuild-ST-32b82a8f3fd7/bin/sw/device/silicon_creator/manuf/lib/libindividualize_sw_cfg.a(individualize_sw_cfg.o)
 .text.manuf_individualize_device_creator_sw_cfg_check
                0x0000000020004dd8       0x98 bazel-out/k8-fastbuild-ST-32b82a8f3fd7/bin/sw/device/silicon_creator/manuf/lib/libindividualize_sw_cfg.a(individualize_sw_cfg.o)
                0x0000000020004dd8                manuf_individualize_device_creator_sw_cfg_check
 .text.manuf_individualize_device_partition_expected_read
                0x0000000020004e70      0x108 bazel-out/k8-fastbuild-ST-32b82a8f3fd7/bin/sw/device/silicon_creator/manuf/lib/libindividualize_sw_cfg.a(individualize_sw_cfg.o)
                0x0000000020004e70                manuf_individualize_device_partition_expected_read
 .text.otp_img_expected_value_read
                0x0000000020004f78       0xf2 bazel-out/k8-fastbuild-ST-32b82a8f3fd7/bin/sw/device/silicon_creator/manuf/lib/libindividualize_sw_cfg.a(individualize_sw_cfg.o)
 .text.manuf_individualize_device_owner_sw_cfg_lock
                0x000000002000506a       0x5a bazel-out/k8-fastbuild-ST-32b82a8f3fd7/bin/sw/device/silicon_creator/manuf/lib/libindividualize_sw_cfg.a(individualize_sw_cfg.o)
                0x000000002000506a                manuf_individualize_device_owner_sw_cfg_lock
 .text.manuf_individualize_device_owner_sw_cfg_check
                0x00000000200050c4       0x98 bazel-out/k8-fastbuild-ST-32b82a8f3fd7/bin/sw/device/silicon_creator/manuf/lib/libindividualize_sw_cfg.a(individualize_sw_cfg.o)
                0x00000000200050c4                manuf_individualize_device_owner_sw_cfg_check
 .text.manuf_personalize_flash_asymm_key_seed
                0x000000002000515c      0x1f6 bazel-out/k8-fastbuild-ST-32b82a8f3fd7/bin/sw/device/silicon_creator/manuf/lib/libpersonalize.a(personalize.o)
                0x000000002000515c                manuf_personalize_flash_asymm_key_seed
 .text.manuf_personalize_device_secrets
                0x0000000020005352      0x1a4 bazel-out/k8-fastbuild-ST-32b82a8f3fd7/bin/sw/device/silicon_creator/manuf/lib/libpersonalize.a(personalize.o)
                0x0000000020005352                manuf_personalize_device_secrets
 .text.flash_keymgr_secret_seed_write
                0x00000000200054f6      0x18c bazel-out/k8-fastbuild-ST-32b82a8f3fd7/bin/sw/device/silicon_creator/manuf/lib/libpersonalize.a(personalize.o)
 .text.otp_partition_secret2_configure
                0x0000000020005682      0x24c bazel-out/k8-fastbuild-ST-32b82a8f3fd7/bin/sw/device/silicon_creator/manuf/lib/libpersonalize.a(personalize.o)
 .text.manuf_personalize_device_secrets_check
                0x00000000200058ce       0x98 bazel-out/k8-fastbuild-ST-32b82a8f3fd7/bin/sw/device/silicon_creator/manuf/lib/libpersonalize.a(personalize.o)
                0x00000000200058ce                manuf_personalize_device_secrets_check
 .text.manuf_personalize_device_secret1
                0x0000000020005966      0x2a0 bazel-out/k8-fastbuild-ST-32b82a8f3fd7/bin/sw/device/silicon_creator/manuf/lib/libpersonalize.a(personalize.o)
                0x0000000020005966                manuf_personalize_device_secret1
 .text.otp_secret_write
                0x0000000020005c06      0x130 bazel-out/k8-fastbuild-ST-32b82a8f3fd7/bin/sw/device/silicon_creator/manuf/lib/libpersonalize.a(personalize.o)
 .text.manuf_personalize_device_secret1_check
                0x0000000020005d36       0x98 bazel-out/k8-fastbuild-ST-32b82a8f3fd7/bin/sw/device/silicon_creator/manuf/lib/libpersonalize.a(personalize.o)
                0x0000000020005d36                manuf_personalize_device_secret1_check
 .text.manuf_util_hash_otp_partition
                0x0000000020005dce      0x22a bazel-out/k8-fastbuild-ST-32b82a8f3fd7/bin/sw/device/silicon_creator/manuf/lib/libutil.a(util.o)
                0x0000000020005dce                manuf_util_hash_otp_partition
 .text.otcrypto_hash
                0x0000000020005ff8      0x12c bazel-out/k8-fastbuild-ST-32b82a8f3fd7/bin/sw/device/lib/crypto/impl/libhash.a(hash.o)
                0x0000000020005ff8                otcrypto_hash
 .text.check_digest_len
                0x0000000020006124       0xd4 bazel-out/k8-fastbuild-ST-32b82a8f3fd7/bin/sw/device/lib/crypto/impl/libhash.a(hash.o)
 .text.msg_fifo_write
                0x00000000200061f8       0x84 bazel-out/k8-fastbuild-ST-32b82a8f3fd7/bin/sw/device/lib/crypto/drivers/libhmac.a(hmac.o)
 .text.hmac     0x000000002000627c      0x1ac bazel-out/k8-fastbuild-ST-32b82a8f3fd7/bin/sw/device/lib/crypto/drivers/libhmac.a(hmac.o)
                0x000000002000627c                hmac
 .text.kmac_sha3_224
                0x0000000020006428       0x58 bazel-out/k8-fastbuild-ST-32b82a8f3fd7/bin/sw/device/lib/crypto/drivers/libkmac.a(kmac.o)
                0x0000000020006428                kmac_sha3_224
 .text.kmac_init
                0x0000000020006480       0xdc bazel-out/k8-fastbuild-ST-32b82a8f3fd7/bin/sw/device/lib/crypto/drivers/libkmac.a(kmac.o)
 .text.kmac_process_msg_blocks
                0x000000002000655c      0x4b0 bazel-out/k8-fastbuild-ST-32b82a8f3fd7/bin/sw/device/lib/crypto/drivers/libkmac.a(kmac.o)
 .text.kmac_sha3_256
                0x0000000020006a0c       0x5c bazel-out/k8-fastbuild-ST-32b82a8f3fd7/bin/sw/device/lib/crypto/drivers/libkmac.a(kmac.o)
                0x0000000020006a0c                kmac_sha3_256
 .text.kmac_sha3_384
                0x0000000020006a68       0x5c bazel-out/k8-fastbuild-ST-32b82a8f3fd7/bin/sw/device/lib/crypto/drivers/libkmac.a(kmac.o)
                0x0000000020006a68                kmac_sha3_384
 .text.kmac_sha3_512
                0x0000000020006ac4       0x5c bazel-out/k8-fastbuild-ST-32b82a8f3fd7/bin/sw/device/lib/crypto/drivers/libkmac.a(kmac.o)
                0x0000000020006ac4                kmac_sha3_512
 .text.little_endian_encode
                0x0000000020006b20       0x3e bazel-out/k8-fastbuild-ST-32b82a8f3fd7/bin/sw/device/lib/crypto/drivers/libkmac.a(kmac.o)
 .text.entropy_complex_init
                0x0000000020006b5e      0x10c bazel-out/k8-fastbuild-ST-32b82a8f3fd7/bin/sw/device/lib/crypto/drivers/libentropy.a(entropy.o)
                0x0000000020006b5e                entropy_complex_init
 .text.edn_configure
                0x0000000020006c6a       0xec bazel-out/k8-fastbuild-ST-32b82a8f3fd7/bin/sw/device/lib/crypto/drivers/libentropy.a(entropy.o)
 .text.entropy_complex_check
                0x0000000020006d56      0x1a6 bazel-out/k8-fastbuild-ST-32b82a8f3fd7/bin/sw/device/lib/crypto/drivers/libentropy.a(entropy.o)
                0x0000000020006d56                entropy_complex_check
 .text.entropy_csrng_instantiate
                0x0000000020006efc       0x20 bazel-out/k8-fastbuild-ST-32b82a8f3fd7/bin/sw/device/lib/crypto/drivers/libentropy.a(entropy.o)
                0x0000000020006efc                entropy_csrng_instantiate
 .text.csrng_send_app_cmd
                0x0000000020006f1c      0x152 bazel-out/k8-fastbuild-ST-32b82a8f3fd7/bin/sw/device/lib/crypto/drivers/libentropy.a(entropy.o)
 .text.entropy_csrng_reseed
                0x000000002000706e       0x22 bazel-out/k8-fastbuild-ST-32b82a8f3fd7/bin/sw/device/lib/crypto/drivers/libentropy.a(entropy.o)
                0x000000002000706e                entropy_csrng_reseed
 .text.entropy_csrng_generate_data_get
                0x0000000020007090       0x72 bazel-out/k8-fastbuild-ST-32b82a8f3fd7/bin/sw/device/lib/crypto/drivers/libentropy.a(entropy.o)
                0x0000000020007090                entropy_csrng_generate_data_get
 .text.entropy_csrng_generate
                0x0000000020007102       0x6c bazel-out/k8-fastbuild-ST-32b82a8f3fd7/bin/sw/device/lib/crypto/drivers/libentropy.a(entropy.o)
                0x0000000020007102                entropy_csrng_generate
 .text.entropy_csrng_uninstantiate
                0x000000002000716e       0x22 bazel-out/k8-fastbuild-ST-32b82a8f3fd7/bin/sw/device/lib/crypto/drivers/libentropy.a(entropy.o)
                0x000000002000716e                entropy_csrng_uninstantiate
 .text.lc_ctrl_testutils_operational_state_check
                0x0000000020007190       0x96 bazel-out/k8-fastbuild-ST-32b82a8f3fd7/bin/sw/device/lib/testing/liblc_ctrl_testutils.a(lc_ctrl_testutils.o)
                0x0000000020007190                lc_ctrl_testutils_operational_state_check
 .text.dif_lc_ctrl_init
                0x0000000020007226        0xe bazel-out/k8-fastbuild-ST-32b82a8f3fd7/bin/sw/device/lib/dif/liblc_ctrl.a(dif_lc_ctrl_autogen.o)
                0x0000000020007226                dif_lc_ctrl_init
 .text.dif_lc_ctrl_get_state
                0x0000000020007234      0x1da bazel-out/k8-fastbuild-ST-32b82a8f3fd7/bin/sw/device/lib/dif/liblc_ctrl.a(dif_lc_ctrl.o)
                0x0000000020007234                dif_lc_ctrl_get_state
 .text.otp_ctrl_testutils_wait_for_dai
                0x000000002000740e      0x126 bazel-out/k8-fastbuild-ST-32b82a8f3fd7/bin/sw/device/lib/testing/libotp_ctrl_testutils.a(otp_ctrl_testutils.o)
                0x000000002000740e                otp_ctrl_testutils_wait_for_dai
 .text.otp_ctrl_testutils_wait_for_dai_pre_hook
                0x0000000020007534       0x14 bazel-out/k8-fastbuild-ST-32b82a8f3fd7/bin/sw/device/lib/testing/libotp_ctrl_testutils.a(otp_ctrl_testutils.o)
                0x0000000020007534                otp_ctrl_testutils_wait_for_dai_pre_hook
 .text.otp_ctrl_testutils_wait_for_dai_post_hook
                0x0000000020007548       0x14 bazel-out/k8-fastbuild-ST-32b82a8f3fd7/bin/sw/device/lib/testing/libotp_ctrl_testutils.a(otp_ctrl_testutils.o)
                0x0000000020007548                otp_ctrl_testutils_wait_for_dai_post_hook
 .text.otp_ctrl_testutils_lock_partition
                0x000000002000755c       0x6c bazel-out/k8-fastbuild-ST-32b82a8f3fd7/bin/sw/device/lib/testing/libotp_ctrl_testutils.a(otp_ctrl_testutils.o)
                0x000000002000755c                otp_ctrl_testutils_lock_partition
 .text.otp_ctrl_testutils_dai_read32
                0x00000000200075c8      0x156 bazel-out/k8-fastbuild-ST-32b82a8f3fd7/bin/sw/device/lib/testing/libotp_ctrl_testutils.a(otp_ctrl_testutils.o)
                0x00000000200075c8                otp_ctrl_testutils_dai_read32
 .text.otp_ctrl_testutils_dai_read_pre_hook
                0x000000002000771e       0x14 bazel-out/k8-fastbuild-ST-32b82a8f3fd7/bin/sw/device/lib/testing/libotp_ctrl_testutils.a(otp_ctrl_testutils.o)
                0x000000002000771e                otp_ctrl_testutils_dai_read_pre_hook
 .text.otp_ctrl_testutils_dai_read_post_hook
                0x0000000020007732       0x14 bazel-out/k8-fastbuild-ST-32b82a8f3fd7/bin/sw/device/lib/testing/libotp_ctrl_testutils.a(otp_ctrl_testutils.o)
                0x0000000020007732                otp_ctrl_testutils_dai_read_post_hook
 .text.otp_ctrl_testutils_dai_read32_array
                0x0000000020007746      0x170 bazel-out/k8-fastbuild-ST-32b82a8f3fd7/bin/sw/device/lib/testing/libotp_ctrl_testutils.a(otp_ctrl_testutils.o)
                0x0000000020007746                otp_ctrl_testutils_dai_read32_array
 .text.otp_ctrl_testutils_dai_read64
                0x00000000200078b6      0x15a bazel-out/k8-fastbuild-ST-32b82a8f3fd7/bin/sw/device/lib/testing/libotp_ctrl_testutils.a(otp_ctrl_testutils.o)
                0x00000000200078b6                otp_ctrl_testutils_dai_read64
 .text.otp_ctrl_testutils_dai_write32
                0x0000000020007a10      0x25a bazel-out/k8-fastbuild-ST-32b82a8f3fd7/bin/sw/device/lib/testing/libotp_ctrl_testutils.a(otp_ctrl_testutils.o)
                0x0000000020007a10                otp_ctrl_testutils_dai_write32
 .text.otp_ctrl_testutils_dai_write_pre_hook
                0x0000000020007c6a       0x14 bazel-out/k8-fastbuild-ST-32b82a8f3fd7/bin/sw/device/lib/testing/libotp_ctrl_testutils.a(otp_ctrl_testutils.o)
                0x0000000020007c6a                otp_ctrl_testutils_dai_write_pre_hook
 .text.otp_ctrl_testutils_dai_write_post_hook
                0x0000000020007c7e       0x14 bazel-out/k8-fastbuild-ST-32b82a8f3fd7/bin/sw/device/lib/testing/libotp_ctrl_testutils.a(otp_ctrl_testutils.o)
                0x0000000020007c7e                otp_ctrl_testutils_dai_write_post_hook
 .text.otp_ctrl_testutils_dai_write_pre_error_check_hook
                0x0000000020007c92       0x14 bazel-out/k8-fastbuild-ST-32b82a8f3fd7/bin/sw/device/lib/testing/libotp_ctrl_testutils.a(otp_ctrl_testutils.o)
                0x0000000020007c92                otp_ctrl_testutils_dai_write_pre_error_check_hook
 .text.otp_ctrl_dai_write_error_check
                0x0000000020007ca6       0xca bazel-out/k8-fastbuild-ST-32b82a8f3fd7/bin/sw/device/lib/testing/libotp_ctrl_testutils.a(otp_ctrl_testutils.o)
 .text.otp_ctrl_testutils_dai_write_post_error_check_hook
                0x0000000020007d70       0x14 bazel-out/k8-fastbuild-ST-32b82a8f3fd7/bin/sw/device/lib/testing/libotp_ctrl_testutils.a(otp_ctrl_testutils.o)
                0x0000000020007d70                otp_ctrl_testutils_dai_write_post_error_check_hook
 .text.otp_ctrl_testutils_dai_write64
                0x0000000020007d84      0x1e2 bazel-out/k8-fastbuild-ST-32b82a8f3fd7/bin/sw/device/lib/testing/libotp_ctrl_testutils.a(otp_ctrl_testutils.o)
                0x0000000020007d84                otp_ctrl_testutils_dai_write64
 .text.dif_otp_ctrl_init
                0x0000000020007f66        0xe bazel-out/k8-fastbuild-ST-32b82a8f3fd7/bin/sw/device/lib/dif/libotp_ctrl.a(dif_otp_ctrl_autogen.o)
                0x0000000020007f66                dif_otp_ctrl_init
 .text.dif_otp_ctrl_get_status
                0x0000000020007f74       0x6a bazel-out/k8-fastbuild-ST-32b82a8f3fd7/bin/sw/device/lib/dif/libotp_ctrl.a(dif_otp_ctrl.o)
                0x0000000020007f74                dif_otp_ctrl_get_status
 .text.dif_otp_ctrl_relative_address
                0x0000000020007fde       0x44 bazel-out/k8-fastbuild-ST-32b82a8f3fd7/bin/sw/device/lib/dif/libotp_ctrl.a(dif_otp_ctrl.o)
                0x0000000020007fde                dif_otp_ctrl_relative_address
 .text.dif_otp_ctrl_dai_read_start
                0x0000000020008022       0x40 bazel-out/k8-fastbuild-ST-32b82a8f3fd7/bin/sw/device/lib/dif/libotp_ctrl.a(dif_otp_ctrl.o)
                0x0000000020008022                dif_otp_ctrl_dai_read_start
 .text.dif_otp_ctrl_dai_read32_end
                0x0000000020008062       0x1a bazel-out/k8-fastbuild-ST-32b82a8f3fd7/bin/sw/device/lib/dif/libotp_ctrl.a(dif_otp_ctrl.o)
                0x0000000020008062                dif_otp_ctrl_dai_read32_end
 .text.dif_otp_ctrl_dai_read64_end
                0x000000002000807c       0x26 bazel-out/k8-fastbuild-ST-32b82a8f3fd7/bin/sw/device/lib/dif/libotp_ctrl.a(dif_otp_ctrl.o)
                0x000000002000807c                dif_otp_ctrl_dai_read64_end
 .text.dif_otp_ctrl_dai_program32
                0x00000000200080a2       0x52 bazel-out/k8-fastbuild-ST-32b82a8f3fd7/bin/sw/device/lib/dif/libotp_ctrl.a(dif_otp_ctrl.o)
                0x00000000200080a2                dif_otp_ctrl_dai_program32
 .text.dif_otp_ctrl_dai_program64
                0x00000000200080f4       0x56 bazel-out/k8-fastbuild-ST-32b82a8f3fd7/bin/sw/device/lib/dif/libotp_ctrl.a(dif_otp_ctrl.o)
                0x00000000200080f4                dif_otp_ctrl_dai_program64
 .text.dif_otp_ctrl_dai_digest
                0x000000002000814a       0x6e bazel-out/k8-fastbuild-ST-32b82a8f3fd7/bin/sw/device/lib/dif/libotp_ctrl.a(dif_otp_ctrl.o)
                0x000000002000814a                dif_otp_ctrl_dai_digest
 .text.dif_otp_ctrl_is_digest_computed
                0x00000000200081b8       0x36 bazel-out/k8-fastbuild-ST-32b82a8f3fd7/bin/sw/device/lib/dif/libotp_ctrl.a(dif_otp_ctrl.o)
                0x00000000200081b8                dif_otp_ctrl_is_digest_computed
 .text.dice_uds_tbs_cert_build
                0x00000000200081ee       0x84 bazel-out/k8-fastbuild-ST-32b82a8f3fd7/bin/sw/device/silicon_creator/lib/cert/libdice.a(dice.o)
                0x00000000200081ee                dice_uds_tbs_cert_build
 .text.dice_cdi_0_cert_build
                0x0000000020008272      0x128 bazel-out/k8-fastbuild-ST-32b82a8f3fd7/bin/sw/device/silicon_creator/lib/cert/libdice.a(dice.o)
                0x0000000020008272                dice_cdi_0_cert_build
 .text.dice_cdi_1_cert_build
                0x000000002000839a      0x17c bazel-out/k8-fastbuild-ST-32b82a8f3fd7/bin/sw/device/silicon_creator/lib/cert/libdice.a(dice.o)
                0x000000002000839a                dice_cdi_1_cert_build
 .text.cdi_0_build_tbs
                0x0000000020008516      0x140 bazel-out/k8-fastbuild-ST-32b82a8f3fd7/bin/sw/device/silicon_creator/lib/cert/libcdi_0_template_library.a(cdi_0.o)
                0x0000000020008516                cdi_0_build_tbs
 .text.cdi_0_build_cert
                0x0000000020008656       0xb8 bazel-out/k8-fastbuild-ST-32b82a8f3fd7/bin/sw/device/silicon_creator/lib/cert/libcdi_0_template_library.a(cdi_0.o)
                0x0000000020008656                cdi_0_build_cert
 .text.cdi_1_build_tbs
                0x000000002000870e      0x188 bazel-out/k8-fastbuild-ST-32b82a8f3fd7/bin/sw/device/silicon_creator/lib/cert/libcdi_1_template_library.a(cdi_1.o)
                0x000000002000870e                cdi_1_build_tbs
 .text.cdi_1_build_cert
                0x0000000020008896       0xb8 bazel-out/k8-fastbuild-ST-32b82a8f3fd7/bin/sw/device/silicon_creator/lib/cert/libcdi_1_template_library.a(cdi_1.o)
                0x0000000020008896                cdi_1_build_cert
 .text.uds_build_tbs
                0x000000002000894e      0x172 bazel-out/k8-fastbuild-ST-32b82a8f3fd7/bin/sw/device/silicon_creator/lib/cert/libuds_template_library.a(uds.o)
                0x000000002000894e                uds_build_tbs
 .text.template_push_hex_impl
                0x0000000020008ac0       0x3e bazel-out/k8-fastbuild-ST-32b82a8f3fd7/bin/sw/device/silicon_creator/lib/cert/libtemplate.a(template.o)
                0x0000000020008ac0                template_push_hex_impl
 .text.template_asn1_integer_impl
                0x0000000020008afe       0x82 bazel-out/k8-fastbuild-ST-32b82a8f3fd7/bin/sw/device/silicon_creator/lib/cert/libtemplate.a(template.o)
                0x0000000020008afe                template_asn1_integer_impl
 .text.template_patch_size_be_impl
                0x0000000020008b80       0x1a bazel-out/k8-fastbuild-ST-32b82a8f3fd7/bin/sw/device/silicon_creator/lib/cert/libtemplate.a(template.o)
                0x0000000020008b80                template_patch_size_be_impl
 .text.perso_tlv_get_cert_obj
                0x0000000020008b9a       0xfa bazel-out/k8-fastbuild-ST-32b82a8f3fd7/bin/sw/device/silicon_creator/manuf/base/libperso_tlv_data.a(perso_tlv_data.o)
                0x0000000020008b9a                perso_tlv_get_cert_obj
 .text.perso_tlv_cert_obj_build
                0x0000000020008c94       0xe6 bazel-out/k8-fastbuild-ST-32b82a8f3fd7/bin/sw/device/silicon_creator/manuf/base/libperso_tlv_data.a(perso_tlv_data.o)
                0x0000000020008c94                perso_tlv_cert_obj_build
 .text.perso_tlv_push_cert_to_perso_blob
                0x0000000020008d7a       0x6e bazel-out/k8-fastbuild-ST-32b82a8f3fd7/bin/sw/device/silicon_creator/manuf/base/libperso_tlv_data.a(perso_tlv_data.o)
                0x0000000020008d7a                perso_tlv_push_cert_to_perso_blob
 .text.perso_tlv_push_to_perso_blob
                0x0000000020008de8       0x52 bazel-out/k8-fastbuild-ST-32b82a8f3fd7/bin/sw/device/silicon_creator/manuf/base/libperso_tlv_data.a(perso_tlv_data.o)
                0x0000000020008de8                perso_tlv_push_to_perso_blob
 .text.personalize_extension_pre_cert_endorse
                0x0000000020008e3a       0x18 bazel-out/k8-fastbuild-ST-32b82a8f3fd7/bin/external/provisioning_exts/libdefault_perso_fw_ext.a(default_personalize_ext.o)
                0x0000000020008e3a                personalize_extension_pre_cert_endorse
 .text.personalize_extension_post_cert_endorse
                0x0000000020008e52       0x18 bazel-out/k8-fastbuild-ST-32b82a8f3fd7/bin/external/provisioning_exts/libdefault_perso_fw_ext.a(default_personalize_ext.o)
                0x0000000020008e52                personalize_extension_post_cert_endorse
 .text.ujson_ottf_console
                0x0000000020008e6a       0x32 bazel-out/k8-fastbuild-ST-32b82a8f3fd7/bin/sw/device/lib/testing/test_framework/libujson_ottf.a(ujson_ottf.o)
                0x0000000020008e6a                ujson_ottf_console
 .text.ottf_console_get
                0x0000000020008e9c        0xa bazel-out/k8-fastbuild-ST-32b82a8f3fd7/bin/sw/device/lib/testing/test_framework/libottf_console_on_device_do_not_use_directly.a(ottf_console.o)
                0x0000000020008e9c                ottf_console_get
 .text.ottf_console_init
                0x0000000020008ea6      0x1f2 bazel-out/k8-fastbuild-ST-32b82a8f3fd7/bin/sw/device/lib/testing/test_framework/libottf_console_on_device_do_not_use_directly.a(ottf_console.o)
                0x0000000020008ea6                ottf_console_init
 .text.ottf_console_flow_control_isr
                0x0000000020009098       0x1a bazel-out/k8-fastbuild-ST-32b82a8f3fd7/bin/sw/device/lib/testing/test_framework/libottf_console_on_device_do_not_use_directly.a(ottf_console.o)
                0x0000000020009098                ottf_console_flow_control_isr
 .text.ottf_console_flow_control
                0x00000000200090b2        0x4 bazel-out/k8-fastbuild-ST-32b82a8f3fd7/bin/sw/device/lib/testing/test_framework/libottf_console_on_device_do_not_use_directly.a(ottf_console.o)
                0x00000000200090b2                ottf_console_flow_control
 .text.ottf_console_flushbuf
                0x00000000200090b6       0x50 bazel-out/k8-fastbuild-ST-32b82a8f3fd7/bin/sw/device/lib/testing/test_framework/libottf_console_on_device_do_not_use_directly.a(ottf_console.o)
                0x00000000200090b6                ottf_console_flushbuf
 .text.ottf_console_putbuf
                0x0000000020009106       0xac bazel-out/k8-fastbuild-ST-32b82a8f3fd7/bin/sw/device/lib/testing/test_framework/libottf_console_on_device_do_not_use_directly.a(ottf_console.o)
                0x0000000020009106                ottf_console_putbuf
 .text.ottf_console_getc
                0x00000000200091b2        0x4 bazel-out/k8-fastbuild-ST-32b82a8f3fd7/bin/sw/device/lib/testing/test_framework/libottf_console_on_device_do_not_use_directly.a(ottf_console.o)
                0x00000000200091b2                ottf_console_getc
 .text.ottf_console_configure_uart
                0x00000000200091b6      0x1e0 bazel-out/k8-fastbuild-ST-32b82a8f3fd7/bin/sw/device/lib/testing/test_framework/libottf_console_on_device_do_not_use_directly.a(ottf_console_uart.o)
                0x00000000200091b6                ottf_console_configure_uart
 .text.ottf_console_uart_getc
                0x0000000020009396       0xa6 bazel-out/k8-fastbuild-ST-32b82a8f3fd7/bin/sw/device/lib/testing/test_framework/libottf_console_on_device_do_not_use_directly.a(ottf_console_uart.o)
 .text.ottf_console_uart_sink
                0x000000002000943c       0x46 bazel-out/k8-fastbuild-ST-32b82a8f3fd7/bin/sw/device/lib/testing/test_framework/libottf_console_on_device_do_not_use_directly.a(ottf_console_uart.o)
 .text.ottf_console_uart_flow_control_enable
                0x0000000020009482      0x1d8 bazel-out/k8-fastbuild-ST-32b82a8f3fd7/bin/sw/device/lib/testing/test_framework/libottf_console_on_device_do_not_use_directly.a(ottf_console_uart.o)
                0x0000000020009482                ottf_console_uart_flow_control_enable
 .text.ottf_console_uart_flow_control_isr
                0x000000002000965a       0xb8 bazel-out/k8-fastbuild-ST-32b82a8f3fd7/bin/sw/device/lib/testing/test_framework/libottf_console_on_device_do_not_use_directly.a(ottf_console_uart.o)
                0x000000002000965a                ottf_console_uart_flow_control_isr
 .text.manage_flow_control
                0x0000000020009712      0x1cc bazel-out/k8-fastbuild-ST-32b82a8f3fd7/bin/sw/device/lib/testing/test_framework/libottf_console_on_device_do_not_use_directly.a(ottf_console_uart.o)
 .text.ottf_console_uart_flow_control
                0x00000000200098de       0xb2 bazel-out/k8-fastbuild-ST-32b82a8f3fd7/bin/sw/device/lib/testing/test_framework/libottf_console_on_device_do_not_use_directly.a(ottf_console_uart.o)
                0x00000000200098de                ottf_console_uart_flow_control
 .text.ottf_console_configure_spi_device
                0x0000000020009990      0x3d0 bazel-out/k8-fastbuild-ST-32b82a8f3fd7/bin/sw/device/lib/testing/test_framework/libottf_console_on_device_do_not_use_directly.a(ottf_console_spi.o)
                0x0000000020009990                ottf_console_configure_spi_device
 .text.spi_device_clear_flash_buffer
                0x0000000020009d60       0xc2 bazel-out/k8-fastbuild-ST-32b82a8f3fd7/bin/sw/device/lib/testing/test_framework/libottf_console_on_device_do_not_use_directly.a(ottf_console_spi.o)
 .text.ottf_console_spi_getc
                0x0000000020009e22      0x136 bazel-out/k8-fastbuild-ST-32b82a8f3fd7/bin/sw/device/lib/testing/test_framework/libottf_console_on_device_do_not_use_directly.a(ottf_console_spi.o)
 .text.ottf_console_spi_sink
                0x0000000020009f58      0x216 bazel-out/k8-fastbuild-ST-32b82a8f3fd7/bin/sw/device/lib/testing/test_framework/libottf_console_on_device_do_not_use_directly.a(ottf_console_spi.o)
 .text.spi_device_send_data
                0x000000002000a16e      0x128 bazel-out/k8-fastbuild-ST-32b82a8f3fd7/bin/sw/device/lib/testing/test_framework/libottf_console_on_device_do_not_use_directly.a(ottf_console_spi.o)
 .text.ottf_generic_fault_print
                0x000000002000a296      0x168 bazel-out/k8-fastbuild-ST-32b82a8f3fd7/bin/sw/device/lib/testing/test_framework/libottf_isrs.a(ottf_isrs.o)
                0x000000002000a296                ottf_generic_fault_print
 .text.ottf_exception_handler
                0x000000002000a3fe       0x70 bazel-out/k8-fastbuild-ST-32b82a8f3fd7/bin/sw/device/lib/testing/test_framework/libottf_isrs.a(ottf_isrs.o)
                0x000000002000a3fe                ottf_exception_handler
 .text.generic_fault_handler
                0x000000002000a46e       0x28 bazel-out/k8-fastbuild-ST-32b82a8f3fd7/bin/sw/device/lib/testing/test_framework/libottf_isrs.a(ottf_isrs.o)
                0x000000002000a46e                ottf_instr_misaligned_fault_handler
                0x000000002000a46e                ottf_instr_access_fault_handler
                0x000000002000a46e                ottf_user_ecall_handler
                0x000000002000a46e                ottf_illegal_instr_fault_handler
                0x000000002000a46e                ottf_load_store_fault_handler
                0x000000002000a46e                ottf_breakpoint_handler
 .text.ottf_software_isr
                0x000000002000a496       0x20 bazel-out/k8-fastbuild-ST-32b82a8f3fd7/bin/sw/device/lib/testing/test_framework/libottf_isrs.a(ottf_isrs.o)
                0x000000002000a496                ottf_software_isr
 .text.ottf_timer_isr
                0x000000002000a4b6       0x20 bazel-out/k8-fastbuild-ST-32b82a8f3fd7/bin/sw/device/lib/testing/test_framework/libottf_isrs.a(ottf_isrs.o)
                0x000000002000a4b6                ottf_timer_isr
 .text.ottf_external_isr
                0x000000002000a4d6       0xde bazel-out/k8-fastbuild-ST-32b82a8f3fd7/bin/sw/device/lib/testing/test_framework/libottf_isrs.a(ottf_isrs.o)
                0x000000002000a4d6                ottf_external_isr
 .text.generic_internal_irq_handler
                0x000000002000a5b4       0x20 bazel-out/k8-fastbuild-ST-32b82a8f3fd7/bin/sw/device/lib/testing/test_framework/libottf_isrs.a(ottf_isrs.o)
                0x000000002000a5b4                ottf_external_nmi_handler
                0x000000002000a5b4                ottf_load_integrity_error_handler
 .text.ottf_internal_isr
                0x000000002000a5d4       0x4c bazel-out/k8-fastbuild-ST-32b82a8f3fd7/bin/sw/device/lib/testing/test_framework/libottf_isrs.a(ottf_isrs.o)
                0x000000002000a5d4                ottf_internal_isr
 .text.dif_rv_plic_init
                0x000000002000a620        0xe bazel-out/k8-fastbuild-ST-32b82a8f3fd7/bin/sw/device/lib/dif/librv_plic.a(dif_rv_plic_autogen.o)
                0x000000002000a620                dif_rv_plic_init
 .text.dif_rv_plic_irq_set_enabled
                0x000000002000a62e       0x48 bazel-out/k8-fastbuild-ST-32b82a8f3fd7/bin/sw/device/lib/dif/librv_plic.a(dif_rv_plic.o)
                0x000000002000a62e                dif_rv_plic_irq_set_enabled
 .text.dif_rv_plic_irq_set_priority
                0x000000002000a676       0x2a bazel-out/k8-fastbuild-ST-32b82a8f3fd7/bin/sw/device/lib/dif/librv_plic.a(dif_rv_plic.o)
                0x000000002000a676                dif_rv_plic_irq_set_priority
 .text.dif_rv_plic_target_set_threshold
                0x000000002000a6a0       0x28 bazel-out/k8-fastbuild-ST-32b82a8f3fd7/bin/sw/device/lib/dif/librv_plic.a(dif_rv_plic.o)
                0x000000002000a6a0                dif_rv_plic_target_set_threshold
 .text.dif_rv_plic_irq_claim
                0x000000002000a6c8       0x26 bazel-out/k8-fastbuild-ST-32b82a8f3fd7/bin/sw/device/lib/dif/librv_plic.a(dif_rv_plic.o)
                0x000000002000a6c8                dif_rv_plic_irq_claim
 .text.dif_rv_plic_irq_complete
                0x000000002000a6ee       0x1e bazel-out/k8-fastbuild-ST-32b82a8f3fd7/bin/sw/device/lib/dif/librv_plic.a(dif_rv_plic.o)
                0x000000002000a6ee                dif_rv_plic_irq_complete
 .text.irq_global_ctrl
                0x000000002000a70c       0x12 bazel-out/k8-fastbuild-ST-32b82a8f3fd7/bin/sw/device/lib/runtime/libirq.a(irq.o)
                0x000000002000a70c                irq_global_ctrl
 .text.irq_external_ctrl
                0x000000002000a71e       0x16 bazel-out/k8-fastbuild-ST-32b82a8f3fd7/bin/sw/device/lib/runtime/libirq.a(irq.o)
                0x000000002000a71e                irq_external_ctrl
 .text.irq_timer_ctrl
                0x000000002000a734       0x16 bazel-out/k8-fastbuild-ST-32b82a8f3fd7/bin/sw/device/lib/runtime/libirq.a(irq.o)
                0x000000002000a734                irq_timer_ctrl
 .text.irq_software_ctrl
                0x000000002000a74a       0x12 bazel-out/k8-fastbuild-ST-32b82a8f3fd7/bin/sw/device/lib/runtime/libirq.a(irq.o)
                0x000000002000a74a                irq_software_ctrl
 .text.spi_device_testutils_wait_for_upload
                0x000000002000a75c      0x390 bazel-out/k8-fastbuild-ST-32b82a8f3fd7/bin/sw/device/lib/testing/libspi_device_testutils.a(spi_device_testutils.o)
                0x000000002000a75c                spi_device_testutils_wait_for_upload
 .text.dif_pinmux_init
                0x000000002000aaec        0xe bazel-out/k8-fastbuild-ST-32b82a8f3fd7/bin/sw/device/lib/dif/libpinmux.a(dif_pinmux_autogen.o)
                0x000000002000aaec                dif_pinmux_init
 .text.dif_pinmux_is_locked
                0x000000002000aafa       0x52 bazel-out/k8-fastbuild-ST-32b82a8f3fd7/bin/sw/device/lib/dif/libpinmux.a(dif_pinmux.o)
                0x000000002000aafa                dif_pinmux_is_locked
 .text.dif_pinmux_input_select
                0x000000002000ab4c       0x34 bazel-out/k8-fastbuild-ST-32b82a8f3fd7/bin/sw/device/lib/dif/libpinmux.a(dif_pinmux.o)
                0x000000002000ab4c                dif_pinmux_input_select
 .text.dif_pinmux_output_select
                0x000000002000ab80       0x36 bazel-out/k8-fastbuild-ST-32b82a8f3fd7/bin/sw/device/lib/dif/libpinmux.a(dif_pinmux.o)
                0x000000002000ab80                dif_pinmux_output_select
 .text.dif_pinmux_pad_write_attrs
                0x000000002000abb6       0xee bazel-out/k8-fastbuild-ST-32b82a8f3fd7/bin/sw/device/lib/dif/libpinmux.a(dif_pinmux.o)
                0x000000002000abb6                dif_pinmux_pad_write_attrs
 .text.ujson_deserialize_ottf_crc_t
                0x000000002000aca4      0x120 bazel-out/k8-fastbuild-ST-32b82a8f3fd7/bin/sw/device/lib/testing/json/libottf.a(ottf.o)
                0x000000002000aca4                ujson_deserialize_ottf_crc_t
 .text.ujson_deserialize_lc_token_hash_t
                0x000000002000adc4      0x1cc bazel-out/k8-fastbuild-ST-32b82a8f3fd7/bin/sw/device/lib/testing/json/libprovisioning_data.a(provisioning_data.o)
                0x000000002000adc4                ujson_deserialize_lc_token_hash_t
 .text.ujson_deserialize_manuf_certgen_inputs_t
                0x000000002000af90      0x26a bazel-out/k8-fastbuild-ST-32b82a8f3fd7/bin/sw/device/lib/testing/json/libprovisioning_data.a(provisioning_data.o)
                0x000000002000af90                ujson_deserialize_manuf_certgen_inputs_t
 .text.ujson_serialize_with_padding_perso_blob_t
                0x000000002000b1fa      0x2b6 bazel-out/k8-fastbuild-ST-32b82a8f3fd7/bin/sw/device/lib/testing/json/libprovisioning_data.a(provisioning_data.o)
                0x000000002000b1fa                ujson_serialize_with_padding_perso_blob_t
 .text.ujson_deserialize_perso_blob_t
                0x000000002000b4b0      0x21c bazel-out/k8-fastbuild-ST-32b82a8f3fd7/bin/sw/device/lib/testing/json/libprovisioning_data.a(provisioning_data.o)
                0x000000002000b4b0                ujson_deserialize_perso_blob_t
 .text.ujson_serialize_with_padding_serdes_sha256_hash_t
                0x000000002000b6cc      0x1be bazel-out/k8-fastbuild-ST-32b82a8f3fd7/bin/sw/device/lib/testing/json/libprovisioning_data.a(provisioning_data.o)
                0x000000002000b6cc                ujson_serialize_with_padding_serdes_sha256_hash_t
 .text.ujson_init
                0x000000002000b88a       0x16 bazel-out/k8-fastbuild-ST-32b82a8f3fd7/bin/sw/device/lib/ujson/libujson.a(ujson.o)
                0x000000002000b88a                ujson_init
 .text.ujson_crc32_reset
                0x000000002000b8a0        0x6 bazel-out/k8-fastbuild-ST-32b82a8f3fd7/bin/sw/device/lib/ujson/libujson.a(ujson.o)
                0x000000002000b8a0                ujson_crc32_reset
 .text.ujson_crc32_finish
                0x000000002000b8a6        0x6 bazel-out/k8-fastbuild-ST-32b82a8f3fd7/bin/sw/device/lib/ujson/libujson.a(ujson.o)
                0x000000002000b8a6                ujson_crc32_finish
 .text.ujson_putbuf
                0x000000002000b8ac       0x32 bazel-out/k8-fastbuild-ST-32b82a8f3fd7/bin/sw/device/lib/ujson/libujson.a(ujson.o)
                0x000000002000b8ac                ujson_putbuf
 .text.ujson_flushbuf
                0x000000002000b8de        0x6 bazel-out/k8-fastbuild-ST-32b82a8f3fd7/bin/sw/device/lib/ujson/libujson.a(ujson.o)
                0x000000002000b8de                ujson_flushbuf
 .text.ujson_getc
                0x000000002000b8e4       0x70 bazel-out/k8-fastbuild-ST-32b82a8f3fd7/bin/sw/device/lib/ujson/libujson.a(ujson.o)
                0x000000002000b8e4                ujson_getc
 .text.ujson_ungetc
                0x000000002000b954       0x40 bazel-out/k8-fastbuild-ST-32b82a8f3fd7/bin/sw/device/lib/ujson/libujson.a(ujson.o)
                0x000000002000b954                ujson_ungetc
 .text.ujson_streq
                0x000000002000b994       0x38 bazel-out/k8-fastbuild-ST-32b82a8f3fd7/bin/sw/device/lib/ujson/libujson.a(ujson.o)
                0x000000002000b994                ujson_streq
 .text.ujson_consume
                0x000000002000b9cc       0x72 bazel-out/k8-fastbuild-ST-32b82a8f3fd7/bin/sw/device/lib/ujson/libujson.a(ujson.o)
                0x000000002000b9cc                ujson_consume
 .text.consume_whitespace
                0x000000002000ba3e       0x8c bazel-out/k8-fastbuild-ST-32b82a8f3fd7/bin/sw/device/lib/ujson/libujson.a(ujson.o)
 .text.ujson_consume_maybe
                0x000000002000baca       0x8c bazel-out/k8-fastbuild-ST-32b82a8f3fd7/bin/sw/device/lib/ujson/libujson.a(ujson.o)
                0x000000002000baca                ujson_consume_maybe
 .text.ujson_parse_qs
                0x000000002000bb56      0x2b4 bazel-out/k8-fastbuild-ST-32b82a8f3fd7/bin/sw/device/lib/ujson/libujson.a(ujson.o)
                0x000000002000bb56                ujson_parse_qs
 .text.ujson_parse_integer
                0x000000002000be0a      0x2a8 bazel-out/k8-fastbuild-ST-32b82a8f3fd7/bin/sw/device/lib/ujson/libujson.a(ujson.o)
                0x000000002000be0a                ujson_parse_integer
 .text.ujson_deserialize_uint64_t
                0x000000002000c0b2        0x6 bazel-out/k8-fastbuild-ST-32b82a8f3fd7/bin/sw/device/lib/ujson/libujson.a(ujson.o)
                0x000000002000c0b2                ujson_deserialize_uint64_t
 .text.ujson_deserialize_uint32_t
                0x000000002000c0b8        0x6 bazel-out/k8-fastbuild-ST-32b82a8f3fd7/bin/sw/device/lib/ujson/libujson.a(ujson.o)
                0x000000002000c0b8                ujson_deserialize_uint32_t
 .text.ujson_deserialize_uint8_t
                0x000000002000c0be        0x6 bazel-out/k8-fastbuild-ST-32b82a8f3fd7/bin/sw/device/lib/ujson/libujson.a(ujson.o)
                0x000000002000c0be                ujson_deserialize_uint8_t
 .text.ujson_deserialize_size_t
                0x000000002000c0c4        0x6 bazel-out/k8-fastbuild-ST-32b82a8f3fd7/bin/sw/device/lib/ujson/libujson.a(ujson.o)
                0x000000002000c0c4                ujson_deserialize_size_t
 .text.ujson_serialize_string
                0x000000002000c0ca      0x43c bazel-out/k8-fastbuild-ST-32b82a8f3fd7/bin/sw/device/lib/ujson/libujson.a(ujson.o)
                0x000000002000c0ca                ujson_serialize_string
 .text.ujson_serialize_uint32_t
                0x000000002000c506        0x6 bazel-out/k8-fastbuild-ST-32b82a8f3fd7/bin/sw/device/lib/ujson/libujson.a(ujson.o)
                0x000000002000c506                ujson_serialize_uint32_t
 .text.ujson_serialize_integer32
                0x000000002000c50c       0xcc bazel-out/k8-fastbuild-ST-32b82a8f3fd7/bin/sw/device/lib/ujson/libujson.a(ujson.o)
 .text.ujson_serialize_uint8_t
                0x000000002000c5d8        0xa bazel-out/k8-fastbuild-ST-32b82a8f3fd7/bin/sw/device/lib/ujson/libujson.a(ujson.o)
                0x000000002000c5d8                ujson_serialize_uint8_t
 .text.ujson_serialize_size_t
                0x000000002000c5e2        0x8 bazel-out/k8-fastbuild-ST-32b82a8f3fd7/bin/sw/device/lib/ujson/libujson.a(ujson.o)
                0x000000002000c5e2                ujson_serialize_size_t
 .text.consume_hexdigit
                0x000000002000c5ea       0xae bazel-out/k8-fastbuild-ST-32b82a8f3fd7/bin/sw/device/lib/ujson/libujson.a(ujson.o)
 .text.cert_x509_asn1_decode_size_header
                0x000000002000c698       0x2c bazel-out/k8-fastbuild-ST-32b82a8f3fd7/bin/sw/device/silicon_creator/lib/cert/libcert.a(cert.o)
                0x000000002000c698                cert_x509_asn1_decode_size_header
 .text.manuf_flash_info_field_read
                0x000000002000c6c4       0x86 bazel-out/k8-fastbuild-ST-32b82a8f3fd7/bin/sw/device/silicon_creator/manuf/lib/libflash_info_fields.a(flash_info_fields.o)
                0x000000002000c6c4                manuf_flash_info_field_read
 .text.manuf_flash_info_field_write
                0x000000002000c74a       0xae bazel-out/k8-fastbuild-ST-32b82a8f3fd7/bin/sw/device/silicon_creator/manuf/lib/libflash_info_fields.a(flash_info_fields.o)
                0x000000002000c74a                manuf_flash_info_field_write
 .text.flash_ctrl_testutils_wait_transaction_end
                0x000000002000c7f8      0x1c0 bazel-out/k8-fastbuild-ST-32b82a8f3fd7/bin/sw/device/lib/testing/libflash_ctrl_testutils.a(flash_ctrl_testutils.o)
                0x000000002000c7f8                flash_ctrl_testutils_wait_transaction_end
 .text.flash_ctrl_testutils_info_region_setup_properties
                0x000000002000c9b8      0x10a bazel-out/k8-fastbuild-ST-32b82a8f3fd7/bin/sw/device/lib/testing/libflash_ctrl_testutils.a(flash_ctrl_testutils.o)
                0x000000002000c9b8                flash_ctrl_testutils_info_region_setup_properties
 .text.flash_ctrl_testutils_info_region_scrambled_setup
                0x000000002000cac2       0x12 bazel-out/k8-fastbuild-ST-32b82a8f3fd7/bin/sw/device/lib/testing/libflash_ctrl_testutils.a(flash_ctrl_testutils.o)
                0x000000002000cac2                flash_ctrl_testutils_info_region_scrambled_setup
 .text.flash_ctrl_testutils_erase_page
                0x000000002000cad4       0x7a bazel-out/k8-fastbuild-ST-32b82a8f3fd7/bin/sw/device/lib/testing/libflash_ctrl_testutils.a(flash_ctrl_testutils.o)
                0x000000002000cad4                flash_ctrl_testutils_erase_page
 .text.flash_ctrl_testutils_write
                0x000000002000cb4e      0x192 bazel-out/k8-fastbuild-ST-32b82a8f3fd7/bin/sw/device/lib/testing/libflash_ctrl_testutils.a(flash_ctrl_testutils.o)
                0x000000002000cb4e                flash_ctrl_testutils_write
 .text.flash_ctrl_testutils_erase_and_write_page
                0x000000002000cce0       0xaa bazel-out/k8-fastbuild-ST-32b82a8f3fd7/bin/sw/device/lib/testing/libflash_ctrl_testutils.a(flash_ctrl_testutils.o)
                0x000000002000cce0                flash_ctrl_testutils_erase_and_write_page
 .text.flash_ctrl_testutils_read
                0x000000002000cd8a       0xd8 bazel-out/k8-fastbuild-ST-32b82a8f3fd7/bin/sw/device/lib/testing/libflash_ctrl_testutils.a(flash_ctrl_testutils.o)
                0x000000002000cd8a                flash_ctrl_testutils_read
 .text.dif_flash_ctrl_init_state
                0x000000002000ce62       0x26 bazel-out/k8-fastbuild-ST-32b82a8f3fd7/bin/sw/device/lib/dif/libflash_ctrl.a(dif_flash_ctrl.o)
                0x000000002000ce62                dif_flash_ctrl_init_state
 .text.dif_flash_ctrl_get_device_info
                0x000000002000ce88       0x18 bazel-out/k8-fastbuild-ST-32b82a8f3fd7/bin/sw/device/lib/dif/libflash_ctrl.a(dif_flash_ctrl.o)
                0x000000002000ce88                dif_flash_ctrl_get_device_info
 .text.dif_flash_ctrl_start_unsafe
                0x000000002000cea0       0xa0 bazel-out/k8-fastbuild-ST-32b82a8f3fd7/bin/sw/device/lib/dif/libflash_ctrl.a(dif_flash_ctrl.o)
                0x000000002000cea0                dif_flash_ctrl_start_unsafe
 .text.dif_flash_ctrl_start
                0x000000002000cf40       0x68 bazel-out/k8-fastbuild-ST-32b82a8f3fd7/bin/sw/device/lib/dif/libflash_ctrl.a(dif_flash_ctrl.o)
                0x000000002000cf40                dif_flash_ctrl_start
 .text.dif_flash_ctrl_prog_fifo_push
                0x000000002000cfa8       0x4c bazel-out/k8-fastbuild-ST-32b82a8f3fd7/bin/sw/device/lib/dif/libflash_ctrl.a(dif_flash_ctrl.o)
                0x000000002000cfa8                dif_flash_ctrl_prog_fifo_push
 .text.dif_flash_ctrl_read_fifo_pop
                0x000000002000cff4       0x48 bazel-out/k8-fastbuild-ST-32b82a8f3fd7/bin/sw/device/lib/dif/libflash_ctrl.a(dif_flash_ctrl.o)
                0x000000002000cff4                dif_flash_ctrl_read_fifo_pop
 .text.dif_flash_ctrl_clear_error_codes
                0x000000002000d03c       0x20 bazel-out/k8-fastbuild-ST-32b82a8f3fd7/bin/sw/device/lib/dif/libflash_ctrl.a(dif_flash_ctrl.o)
                0x000000002000d03c                dif_flash_ctrl_clear_error_codes
 .text.dif_flash_ctrl_end
                0x000000002000d05c       0x62 bazel-out/k8-fastbuild-ST-32b82a8f3fd7/bin/sw/device/lib/dif/libflash_ctrl.a(dif_flash_ctrl.o)
                0x000000002000d05c                dif_flash_ctrl_end
 .text.dif_flash_ctrl_set_info_region_enablement
                0x000000002000d0be       0xa2 bazel-out/k8-fastbuild-ST-32b82a8f3fd7/bin/sw/device/lib/dif/libflash_ctrl.a(dif_flash_ctrl.o)
                0x000000002000d0be                dif_flash_ctrl_set_info_region_enablement
 .text.dif_flash_ctrl_info_region_is_locked
                0x000000002000d160       0x62 bazel-out/k8-fastbuild-ST-32b82a8f3fd7/bin/sw/device/lib/dif/libflash_ctrl.a(dif_flash_ctrl.o)
                0x000000002000d160                dif_flash_ctrl_info_region_is_locked
 .text.dif_flash_ctrl_set_info_region_properties
                0x000000002000d1c2       0xd2 bazel-out/k8-fastbuild-ST-32b82a8f3fd7/bin/sw/device/lib/dif/libflash_ctrl.a(dif_flash_ctrl.o)
                0x000000002000d1c2                dif_flash_ctrl_set_info_region_properties
 .text.dif_flash_ctrl_init
                0x000000002000d294        0xe bazel-out/k8-fastbuild-ST-32b82a8f3fd7/bin/sw/device/lib/dif/libflash_ctrl.a(dif_flash_ctrl_autogen.o)
                0x000000002000d294                dif_flash_ctrl_init
 .text.test_status_set
                0x000000002000d2a2       0xdc bazel-out/k8-fastbuild-ST-32b82a8f3fd7/bin/sw/device/lib/testing/test_framework/libstatus.a(status.o)
                0x000000002000d2a2                test_status_set
 .text.base_log_internal_core
                0x000000002000d37e       0x9c bazel-out/k8-fastbuild-ST-32b82a8f3fd7/bin/sw/device/lib/runtime/liblog.a(log.o)
                0x000000002000d37e                base_log_internal_core
 .text.base_log_internal_dv
                0x000000002000d41a       0x32 bazel-out/k8-fastbuild-ST-32b82a8f3fd7/bin/sw/device/lib/runtime/liblog.a(log.o)
                0x000000002000d41a                base_log_internal_dv
 .text.base_set_stdout
                0x000000002000d44c       0x18 bazel-out/k8-fastbuild-ST-32b82a8f3fd7/bin/sw/device/lib/runtime/libprint.a(print.o)
                0x000000002000d44c                base_set_stdout
 .text.base_dev_null
                0x000000002000d464        0x4 bazel-out/k8-fastbuild-ST-32b82a8f3fd7/bin/sw/device/lib/runtime/libprint.a(print.o)
 .text.base_printf
                0x000000002000d468       0x32 bazel-out/k8-fastbuild-ST-32b82a8f3fd7/bin/sw/device/lib/runtime/libprint.a(print.o)
                0x000000002000d468                base_printf
 .text.base_vprintf
                0x000000002000d49a       0x1a bazel-out/k8-fastbuild-ST-32b82a8f3fd7/bin/sw/device/lib/runtime/libprint.a(print.o)
                0x000000002000d49a                base_vprintf
 .text.base_vfprintf
                0x000000002000d4b4      0x52a bazel-out/k8-fastbuild-ST-32b82a8f3fd7/bin/sw/device/lib/runtime/libprint.a(print.o)
                0x000000002000d4b4                base_vfprintf
 .text.hex_dump
                0x000000002000d9de       0xe4 bazel-out/k8-fastbuild-ST-32b82a8f3fd7/bin/sw/device/lib/runtime/libprint.a(print.o)
 .text.write_digits
                0x000000002000dac2       0x80 bazel-out/k8-fastbuild-ST-32b82a8f3fd7/bin/sw/device/lib/runtime/libprint.a(print.o)
 .text.status_create
                0x000000002000db42       0xee bazel-out/k8-fastbuild-ST-32b82a8f3fd7/bin/sw/device/lib/base/libstatus.a(status.o)
                0x000000002000db42                status_create
 .text.status_extract
                0x000000002000dc30       0x6e bazel-out/k8-fastbuild-ST-32b82a8f3fd7/bin/sw/device/lib/base/libstatus.a(status.o)
                0x000000002000dc30                status_extract
 .text.dif_gpio_init
                0x000000002000dc9e        0xe bazel-out/k8-fastbuild-ST-32b82a8f3fd7/bin/sw/device/lib/dif/libgpio.a(dif_gpio_autogen.o)
                0x000000002000dc9e                dif_gpio_init
 .text.dif_gpio_write_all
                0x000000002000dcac        0xe bazel-out/k8-fastbuild-ST-32b82a8f3fd7/bin/sw/device/lib/dif/libgpio.a(dif_gpio.o)
                0x000000002000dcac                dif_gpio_write_all
 .text.dif_gpio_write
                0x000000002000dcba       0x38 bazel-out/k8-fastbuild-ST-32b82a8f3fd7/bin/sw/device/lib/dif/libgpio.a(dif_gpio.o)
                0x000000002000dcba                dif_gpio_write
 .text.dif_gpio_output_set_enabled_all
                0x000000002000dcf2        0xe bazel-out/k8-fastbuild-ST-32b82a8f3fd7/bin/sw/device/lib/dif/libgpio.a(dif_gpio.o)
                0x000000002000dcf2                dif_gpio_output_set_enabled_all
 .text.dif_gpio_output_set_enabled
                0x000000002000dd00       0x40 bazel-out/k8-fastbuild-ST-32b82a8f3fd7/bin/sw/device/lib/dif/libgpio.a(dif_gpio.o)
                0x000000002000dd00                dif_gpio_output_set_enabled
 .text.dif_spi_device_init
                0x000000002000dd40        0xe bazel-out/k8-fastbuild-ST-32b82a8f3fd7/bin/sw/device/lib/dif/libspi_device.a(dif_spi_device_autogen.o)
                0x000000002000dd40                dif_spi_device_init
 .text.dif_spi_device_irq_is_pending
                0x000000002000dd4e       0x2a bazel-out/k8-fastbuild-ST-32b82a8f3fd7/bin/sw/device/lib/dif/libspi_device.a(dif_spi_device_autogen.o)
                0x000000002000dd4e                dif_spi_device_irq_is_pending
 .text.dif_spi_device_irq_acknowledge
                0x000000002000dd78       0x1c bazel-out/k8-fastbuild-ST-32b82a8f3fd7/bin/sw/device/lib/dif/libspi_device.a(dif_spi_device_autogen.o)
                0x000000002000dd78                dif_spi_device_irq_acknowledge
 .text.dif_spi_device_init_handle
                0x000000002000dd94        0xa bazel-out/k8-fastbuild-ST-32b82a8f3fd7/bin/sw/device/lib/dif/libspi_device.a(dif_spi_device.o)
                0x000000002000dd94                dif_spi_device_init_handle
 .text.dif_spi_device_configure
                0x000000002000dd9e       0x48 bazel-out/k8-fastbuild-ST-32b82a8f3fd7/bin/sw/device/lib/dif/libspi_device.a(dif_spi_device.o)
                0x000000002000dd9e                dif_spi_device_configure
 .text.dif_spi_device_get_csb_status
                0x000000002000dde6       0x20 bazel-out/k8-fastbuild-ST-32b82a8f3fd7/bin/sw/device/lib/dif/libspi_device.a(dif_spi_device.o)
                0x000000002000dde6                dif_spi_device_get_csb_status
 .text.dif_spi_device_get_4b_address_mode
                0x000000002000de06       0x1c bazel-out/k8-fastbuild-ST-32b82a8f3fd7/bin/sw/device/lib/dif/libspi_device.a(dif_spi_device.o)
                0x000000002000de06                dif_spi_device_get_4b_address_mode
 .text.dif_spi_device_get_last_read_address
                0x000000002000de22       0x1a bazel-out/k8-fastbuild-ST-32b82a8f3fd7/bin/sw/device/lib/dif/libspi_device.a(dif_spi_device.o)
                0x000000002000de22                dif_spi_device_get_last_read_address
 .text.dif_spi_device_set_flash_command_slot
                0x000000002000de3c      0x100 bazel-out/k8-fastbuild-ST-32b82a8f3fd7/bin/sw/device/lib/dif/libspi_device.a(dif_spi_device.o)
                0x000000002000de3c                dif_spi_device_set_flash_command_slot
 .text.dif_spi_device_get_flash_command_fifo_occupancy
                0x000000002000df3c       0x1e bazel-out/k8-fastbuild-ST-32b82a8f3fd7/bin/sw/device/lib/dif/libspi_device.a(dif_spi_device.o)
                0x000000002000df3c                dif_spi_device_get_flash_command_fifo_occupancy
 .text.dif_spi_device_get_flash_address_fifo_occupancy
                0x000000002000df5a       0x20 bazel-out/k8-fastbuild-ST-32b82a8f3fd7/bin/sw/device/lib/dif/libspi_device.a(dif_spi_device.o)
                0x000000002000df5a                dif_spi_device_get_flash_address_fifo_occupancy
 .text.dif_spi_device_get_flash_payload_fifo_occupancy
                0x000000002000df7a       0x2c bazel-out/k8-fastbuild-ST-32b82a8f3fd7/bin/sw/device/lib/dif/libspi_device.a(dif_spi_device.o)
                0x000000002000df7a                dif_spi_device_get_flash_payload_fifo_occupancy
 .text.dif_spi_device_pop_flash_command_fifo
                0x000000002000dfa6       0x26 bazel-out/k8-fastbuild-ST-32b82a8f3fd7/bin/sw/device/lib/dif/libspi_device.a(dif_spi_device.o)
                0x000000002000dfa6                dif_spi_device_pop_flash_command_fifo
 .text.dif_spi_device_pop_flash_address_fifo
                0x000000002000dfcc       0x26 bazel-out/k8-fastbuild-ST-32b82a8f3fd7/bin/sw/device/lib/dif/libspi_device.a(dif_spi_device.o)
                0x000000002000dfcc                dif_spi_device_pop_flash_address_fifo
 .text.dif_spi_device_read_flash_payload_buffer
                0x000000002000dff2       0x48 bazel-out/k8-fastbuild-ST-32b82a8f3fd7/bin/sw/device/lib/dif/libspi_device.a(dif_spi_device.o)
                0x000000002000dff2                dif_spi_device_read_flash_payload_buffer
 .text.dif_spi_device_write_flash_buffer
                0x000000002000e03a       0x70 bazel-out/k8-fastbuild-ST-32b82a8f3fd7/bin/sw/device/lib/dif/libspi_device.a(dif_spi_device.o)
                0x000000002000e03a                dif_spi_device_write_flash_buffer
 .text.dif_spi_device_set_flash_status_registers
                0x000000002000e0aa        0xe bazel-out/k8-fastbuild-ST-32b82a8f3fd7/bin/sw/device/lib/dif/libspi_device.a(dif_spi_device.o)
                0x000000002000e0aa                dif_spi_device_set_flash_status_registers
 .text.dif_spi_device_get_flash_status_registers
                0x000000002000e0b8       0x1a bazel-out/k8-fastbuild-ST-32b82a8f3fd7/bin/sw/device/lib/dif/libspi_device.a(dif_spi_device.o)
                0x000000002000e0b8                dif_spi_device_get_flash_status_registers
 .text.dif_uart_init
                0x000000002000e0d2        0xe bazel-out/k8-fastbuild-ST-32b82a8f3fd7/bin/sw/device/lib/dif/libuart.a(dif_uart_autogen.o)
                0x000000002000e0d2                dif_uart_init
 .text.dif_uart_irq_is_pending
                0x000000002000e0e0       0x2a bazel-out/k8-fastbuild-ST-32b82a8f3fd7/bin/sw/device/lib/dif/libuart.a(dif_uart_autogen.o)
                0x000000002000e0e0                dif_uart_irq_is_pending
 .text.dif_uart_irq_acknowledge
                0x000000002000e10a       0x1c bazel-out/k8-fastbuild-ST-32b82a8f3fd7/bin/sw/device/lib/dif/libuart.a(dif_uart_autogen.o)
                0x000000002000e10a                dif_uart_irq_acknowledge
 .text.dif_uart_irq_set_enabled
                0x000000002000e126       0x2a bazel-out/k8-fastbuild-ST-32b82a8f3fd7/bin/sw/device/lib/dif/libuart.a(dif_uart_autogen.o)
                0x000000002000e126                dif_uart_irq_set_enabled
 .text.dif_uart_irq_disable_all
                0x000000002000e150       0x18 bazel-out/k8-fastbuild-ST-32b82a8f3fd7/bin/sw/device/lib/dif/libuart.a(dif_uart_autogen.o)
                0x000000002000e150                dif_uart_irq_disable_all
 .text.dif_uart_irq_restore_all
                0x000000002000e168       0x1a bazel-out/k8-fastbuild-ST-32b82a8f3fd7/bin/sw/device/lib/dif/libuart.a(dif_uart_autogen.o)
                0x000000002000e168                dif_uart_irq_restore_all
 .text.dif_uart_configure
                0x000000002000e182       0xea bazel-out/k8-fastbuild-ST-32b82a8f3fd7/bin/sw/device/lib/dif/libuart.a(dif_uart.o)
                0x000000002000e182                dif_uart_configure
 .text.dif_uart_watermark_rx_set
                0x000000002000e26c       0x22 bazel-out/k8-fastbuild-ST-32b82a8f3fd7/bin/sw/device/lib/dif/libuart.a(dif_uart.o)
                0x000000002000e26c                dif_uart_watermark_rx_set
 .text.dif_uart_bytes_send
                0x000000002000e28e       0x3c bazel-out/k8-fastbuild-ST-32b82a8f3fd7/bin/sw/device/lib/dif/libuart.a(dif_uart.o)
                0x000000002000e28e                dif_uart_bytes_send
 .text.dif_uart_byte_send_polled
                0x000000002000e2ca       0x22 bazel-out/k8-fastbuild-ST-32b82a8f3fd7/bin/sw/device/lib/dif/libuart.a(dif_uart.o)
                0x000000002000e2ca                dif_uart_byte_send_polled
 .text.dif_uart_byte_receive_polled
                0x000000002000e2ec       0x2e bazel-out/k8-fastbuild-ST-32b82a8f3fd7/bin/sw/device/lib/dif/libuart.a(dif_uart.o)
                0x000000002000e2ec                dif_uart_byte_receive_polled
 .text.dif_uart_rx_bytes_available
                0x000000002000e31a       0x1e bazel-out/k8-fastbuild-ST-32b82a8f3fd7/bin/sw/device/lib/dif/libuart.a(dif_uart.o)
                0x000000002000e31a                dif_uart_rx_bytes_available
 .text.sku_creator_owner_init
                0x000000002000e338      0x11e bazel-out/k8-fastbuild-ST-32b82a8f3fd7/bin/sw/device/silicon_creator/rom_ext/sival/libsival_owner.lo(sival_owner.o)
                0x000000002000e338                sku_creator_owner_init
 .text.ownership_seal_init
                0x000000002000e456       0x68 bazel-out/k8-fastbuild-ST-32b82a8f3fd7/bin/sw/device/silicon_creator/lib/ownership/libownership_key_on_device_do_not_use_directly.a(ownership_key.o)
                0x000000002000e456                ownership_seal_init
 .text.ownership_seal_page
                0x000000002000e4be       0x12 bazel-out/k8-fastbuild-ST-32b82a8f3fd7/bin/sw/device/silicon_creator/lib/ownership/libownership_key_on_device_do_not_use_directly.a(ownership_key.o)
                0x000000002000e4be                ownership_seal_page
 .text.seal_generate
                0x000000002000e4d0       0x48 bazel-out/k8-fastbuild-ST-32b82a8f3fd7/bin/sw/device/silicon_creator/lib/ownership/libownership_key_on_device_do_not_use_directly.a(ownership_key.o)
 .text.otbn_boot_app_load
                0x000000002000e518       0x1e bazel-out/k8-fastbuild-ST-32b82a8f3fd7/bin/sw/device/silicon_creator/lib/libotbn_boot_services.a(otbn_boot_services.o)
                0x000000002000e518                otbn_boot_app_load
 .text.otbn_boot_attestation_keygen
                0x000000002000e536      0x128 bazel-out/k8-fastbuild-ST-32b82a8f3fd7/bin/sw/device/silicon_creator/lib/libotbn_boot_services.a(otbn_boot_services.o)
                0x000000002000e536                otbn_boot_attestation_keygen
 .text.load_attestation_keygen_seed
                0x000000002000e65e       0x56 bazel-out/k8-fastbuild-ST-32b82a8f3fd7/bin/sw/device/silicon_creator/lib/libotbn_boot_services.a(otbn_boot_services.o)
 .text.otbn_boot_cert_ecc_p256_keygen
                0x000000002000e6b4       0x9e bazel-out/k8-fastbuild-ST-32b82a8f3fd7/bin/sw/device/silicon_creator/lib/libotbn_boot_services.a(otbn_boot_services.o)
                0x000000002000e6b4                otbn_boot_cert_ecc_p256_keygen
 .text.otbn_boot_attestation_key_save
                0x000000002000e752       0xe6 bazel-out/k8-fastbuild-ST-32b82a8f3fd7/bin/sw/device/silicon_creator/lib/libotbn_boot_services.a(otbn_boot_services.o)
                0x000000002000e752                otbn_boot_attestation_key_save
 .text.otbn_boot_attestation_endorse
                0x000000002000e838       0xba bazel-out/k8-fastbuild-ST-32b82a8f3fd7/bin/sw/device/silicon_creator/lib/libotbn_boot_services.a(otbn_boot_services.o)
                0x000000002000e838                otbn_boot_attestation_endorse
 .text.util_round_up_to
                0x000000002000e8f2       0x10 bazel-out/k8-fastbuild-ST-32b82a8f3fd7/bin/sw/device/silicon_creator/lib/base/libutil.a(util.o)
                0x000000002000e8f2                util_round_up_to
 .text.util_size_to_words
                0x000000002000e902        0x6 bazel-out/k8-fastbuild-ST-32b82a8f3fd7/bin/sw/device/silicon_creator/lib/base/libutil.a(util.o)
                0x000000002000e902                util_size_to_words
 .text.util_reverse_bytes
                0x000000002000e908       0x28 bazel-out/k8-fastbuild-ST-32b82a8f3fd7/bin/sw/device/silicon_creator/lib/base/libutil.a(util.o)
                0x000000002000e908                util_reverse_bytes
 .text.util_p256_signature_le_to_be_convert
                0x000000002000e930       0x3e bazel-out/k8-fastbuild-ST-32b82a8f3fd7/bin/sw/device/silicon_creator/lib/base/libutil.a(util.o)
                0x000000002000e930                util_p256_signature_le_to_be_convert
 .text.sc_otbn_busy_wait_for_done
                0x000000002000e96e       0x4a bazel-out/k8-fastbuild-ST-32b82a8f3fd7/bin/sw/device/silicon_creator/lib/drivers/libotbn.a(otbn.o)
                0x000000002000e96e                sc_otbn_busy_wait_for_done
 .text.sc_otbn_dmem_write
                0x000000002000e9b8       0x5e bazel-out/k8-fastbuild-ST-32b82a8f3fd7/bin/sw/device/silicon_creator/lib/drivers/libotbn.a(otbn.o)
                0x000000002000e9b8                sc_otbn_dmem_write
 .text.sc_otbn_write
                0x000000002000ea16       0x7a bazel-out/k8-fastbuild-ST-32b82a8f3fd7/bin/sw/device/silicon_creator/lib/drivers/libotbn.a(otbn.o)
 .text.sc_otbn_dmem_read
                0x000000002000ea90       0x8c bazel-out/k8-fastbuild-ST-32b82a8f3fd7/bin/sw/device/silicon_creator/lib/drivers/libotbn.a(otbn.o)
                0x000000002000ea90                sc_otbn_dmem_read
 .text.sc_otbn_execute_start
                0x000000002000eb1c       0x46 bazel-out/k8-fastbuild-ST-32b82a8f3fd7/bin/sw/device/silicon_creator/lib/drivers/libotbn.a(otbn.o)
                0x000000002000eb1c                sc_otbn_execute_start
 .text.sc_otbn_cmd_finish
                0x000000002000eb62       0x6c bazel-out/k8-fastbuild-ST-32b82a8f3fd7/bin/sw/device/silicon_creator/lib/drivers/libotbn.a(otbn.o)
 .text.sc_otbn_execute
                0x000000002000ebce       0x34 bazel-out/k8-fastbuild-ST-32b82a8f3fd7/bin/sw/device/silicon_creator/lib/drivers/libotbn.a(otbn.o)
                0x000000002000ebce                sc_otbn_execute
 .text.sc_otbn_load_app
                0x000000002000ec02      0x158 bazel-out/k8-fastbuild-ST-32b82a8f3fd7/bin/sw/device/silicon_creator/lib/drivers/libotbn.a(otbn.o)
                0x000000002000ec02                sc_otbn_load_app
 .text.sc_keymgr_sw_binding_set